[2026-09-04T12:19:13.201+0000] {local_task_job_runner.py:120} INFO - ::group::Pre task execution logs
[2026-09-04T12:19:13.280+0000] {taskinstance.py:2076} INFO - Dependencies all met for dep_context=non-requeueable deps ti=<TaskInstance: financial_fundamental_pipeline.dbt_stg_earning.stg_earning_run manual__2026-09-04T12:18:10.300530+00:00 [queued]>
[2026-09-04T12:19:13.297+0000] {taskinstance.py:2076} INFO - Dependencies all met for dep_context=requeueable deps ti=<TaskInstance: financial_fundamental_pipeline.dbt_stg_earning.stg_earning_run manual__2026-09-04T12:18:10.300530+00:00 [queued]>
[2026-09-04T12:19:13.302+0000] {taskinstance.py:2306} INFO - Starting attempt 1 of 1
[2026-09-04T12:19:13.353+0000] {taskinstance.py:2330} INFO - Executing <Task(DbtRunLocalOperator): dbt_stg_earning.stg_earning_run> on 2026-09-04 12:18:10.300530+00:00
[2026-09-04T12:19:13.369+0000] {standard_task_runner.py:64} INFO - Started process 404 to run task
[2026-09-04T12:19:13.441+0000] {standard_task_runner.py:90} INFO - Running: ['***', 'tasks', 'run', 'financial_fundamental_pipeline', 'dbt_stg_earning.stg_earning_run', 'manual__2026-09-04T12:18:10.300530+00:00', '--job-id', '22', '--raw', '--subdir', 'DAGS_FOLDER/financial_pipeline_dag.py', '--cfg-path', '/tmp/tmp1k3oh_e5']
[2026-09-04T12:19:13.475+0000] {standard_task_runner.py:91} INFO - Job 22: Subtask dbt_stg_earning.stg_earning_run
[2026-09-04T12:19:14.193+0000] {task_command.py:426} INFO - Running <TaskInstance: financial_fundamental_pipeline.dbt_stg_earning.stg_earning_run manual__2026-09-04T12:18:10.300530+00:00 [running]> on host bb200bb02a9f
[2026-09-04T12:19:14.956+0000] {taskinstance.py:2648} INFO - Exporting env vars: AIRFLOW_CTX_DAG_OWNER='***' AIRFLOW_CTX_DAG_ID='financial_fundamental_pipeline' AIRFLOW_CTX_TASK_ID='dbt_stg_earning.stg_earning_run' AIRFLOW_CTX_EXECUTION_DATE='2026-09-04T12:18:10.300530+00:00' AIRFLOW_CTX_TRY_NUMBER='1' AIRFLOW_CTX_DAG_RUN_ID='manual__2026-09-04T12:18:10.300530+00:00'
[2026-09-04T12:19:15.006+0000] {taskinstance.py:430} INFO - ::endgroup::
[2026-09-04T12:19:22.255+0000] {local.py:220} INFO - dbtRunner is available. Using dbtRunner for invoking dbt.
[2026-09-04T12:19:22.258+0000] {local.py:436} INFO - Cloning project to writable temp directory /tmp/tmpfdxhul9j from /opt/airflow/src/transformations
[2026-09-04T12:19:22.262+0000] {local.py:447} INFO - Partial parse is enabled and the latest partial parse file is /opt/airflow/src/transformations/target/partial_parse.msgpack
[2026-09-04T12:19:22.498+0000] {config.py:344} INFO - Using user-supplied profiles.yml at /opt/***/src/transformations/profiles.yml
[2026-09-04T12:19:22.499+0000] {local.py:408} INFO - Trying to run dbtRunner with:
 ['run', '--models', 'stg_earning', '--project-dir', '/tmp/tmpfdxhul9j', '--profiles-dir', '/opt/***/src/transformations', '--profile', 'transformations', '--target', 'dev']
 in /tmp/tmpfdxhul9j
[2026-09-04T12:19:22.737+0000] {logging_mixin.py:188} INFO - 12:19:22  Running with dbt=1.10.8
[2026-09-04T12:19:22.740+0000] {logging_mixin.py:188} INFO - 12:19:22  [WARNING]: Deprecated functionality
Usage of `--models`, `--model`, and `-m` is deprecated in favor of `--select` or
`-s`.
[2026-09-04T12:19:29.134+0000] {logging_mixin.py:188} WARNING - /home/***/.local/lib/python3.11/site-packages/google/cloud/aiplatform/models.py:52 FutureWarning: Support for google-cloud-storage < 3.0.0 will be removed in a future version of google-cloud-aiplatform. Please upgrade to google-cloud-storage >= 3.0.0.
[2026-09-04T12:19:30.882+0000] {logging_mixin.py:188} INFO - 12:19:30  Registered adapter: bigquery=1.10.3
[2026-09-04T12:19:41.927+0000] {logging_mixin.py:188} INFO - 12:19:41  No external sources selected
[2026-09-04T12:19:42.618+0000] {logging_mixin.py:188} INFO - 12:19:42  [WARNING][MissingArgumentsPropertyInGenericTestDeprecation]: Deprecated
functionality
Found top-level arguments to test `dbt_utils.unique_combination_of_columns`.
Arguments to generic tests should be nested under the `arguments` property.`
[2026-09-04T12:19:44.563+0000] {logging_mixin.py:188} INFO - 12:19:44  Found 8 models, 6 seeds, 1 operation, 14 data tests, 5 sources, 696 macros
[2026-09-04T12:19:44.567+0000] {logging_mixin.py:188} INFO - 12:19:44
[2026-09-04T12:19:44.568+0000] {logging_mixin.py:188} INFO - 12:19:44  Concurrency: 4 threads (target='dev')
[2026-09-04T12:19:44.569+0000] {logging_mixin.py:188} INFO - 12:19:44
[2026-09-04T12:19:46.850+0000] {logging_mixin.py:188} INFO - 12:19:46  1 of 5 START external source alphavantage.ext_overview
[2026-09-04T12:19:46.861+0000] {logging_mixin.py:188} INFO - 12:19:46  1 of 5 SKIP
[2026-09-04T12:19:48.272+0000] {logging_mixin.py:188} INFO - 12:19:48  2 of 5 START external source alphavantage.ext_balance_sheet
[2026-09-04T12:19:48.273+0000] {logging_mixin.py:188} INFO - 12:19:48  2 of 5 SKIP
[2026-09-04T12:19:49.030+0000] {logging_mixin.py:188} INFO - 12:19:49  3 of 5 START external source alphavantage.ext_cash_flow
[2026-09-04T12:19:49.032+0000] {logging_mixin.py:188} INFO - 12:19:49  3 of 5 SKIP
[2026-09-04T12:19:49.762+0000] {logging_mixin.py:188} INFO - 12:19:49  4 of 5 START external source alphavantage.ext_income_statement
[2026-09-04T12:19:49.764+0000] {logging_mixin.py:188} INFO - 12:19:49  4 of 5 SKIP
[2026-09-04T12:19:50.377+0000] {logging_mixin.py:188} INFO - 12:19:50  5 of 5 START external source alphavantage.ext_earning
[2026-09-04T12:19:50.379+0000] {logging_mixin.py:188} INFO - 12:19:50  5 of 5 SKIP
[2026-09-04T12:19:51.099+0000] {logging_mixin.py:188} INFO - 12:19:51  1 of 1 START hook: transformations.on-run-start.0 .............................. [RUN]
[2026-09-04T12:19:51.100+0000] {logging_mixin.py:188} INFO - 12:19:51  1 of 1 OK hook: transformations.on-run-start.0 ................................. [OK in 4.26s]
[2026-09-04T12:19:51.101+0000] {logging_mixin.py:188} INFO - 12:19:51
[2026-09-04T12:19:51.124+0000] {logging_mixin.py:188} INFO - 12:19:51  1 of 1 START sql view model alphavantage.stg_earning ........................... [RUN]
[2026-09-04T12:19:53.688+0000] {logging_mixin.py:188} INFO - 12:19:53  Unhandled error while executing target/run/transformations/models/staging/stg_earning.sql
412 PATCH https://bigquery.googleapis.com/bigquery/v2/projects/projetodbt-479518/datasets/alphavantage/tables/stg_earning?prettyPrint=false: Precondition check failed.
[2026-09-04T12:19:53.698+0000] {logging_mixin.py:188} INFO - 12:19:53  1 of 1 ERROR creating sql view model alphavantage.stg_earning .................. [ERROR in 2.57s]
[2026-09-04T12:19:53.739+0000] {logging_mixin.py:188} INFO - 12:19:53
[2026-09-04T12:19:53.740+0000] {logging_mixin.py:188} INFO - 12:19:53  Finished running 1 project hook, 1 view model in 0 hours 0 minutes and 9.17 seconds (9.17s).
[2026-09-04T12:19:53.793+0000] {logging_mixin.py:188} INFO - 12:19:53
[2026-09-04T12:19:53.794+0000] {logging_mixin.py:188} INFO - 12:19:53  Completed with 1 error, 0 partial successes, and 0 warnings:
[2026-09-04T12:19:53.796+0000] {logging_mixin.py:188} INFO - 12:19:53
[2026-09-04T12:19:53.797+0000] {logging_mixin.py:188} INFO - 12:19:53  Failure in model stg_earning (models/staging/stg_earning.sql)
[2026-09-04T12:19:53.798+0000] {logging_mixin.py:188} INFO - 12:19:53    412 PATCH https://bigquery.googleapis.com/bigquery/v2/projects/projetodbt-479518/datasets/alphavantage/tables/stg_earning?prettyPrint=false: Precondition check failed.
[2026-09-04T12:19:53.800+0000] {logging_mixin.py:188} INFO - 12:19:53
[2026-09-04T12:19:53.801+0000] {logging_mixin.py:188} INFO - 12:19:53    compiled code at target/compiled/transformations/models/staging/stg_earning.sql
[2026-09-04T12:19:53.802+0000] {logging_mixin.py:188} INFO - 12:19:53
[2026-09-04T12:19:53.804+0000] {logging_mixin.py:188} INFO - 12:19:53  Done. PASS=1 WARN=0 ERROR=1 SKIP=0 NO-OP=0 TOTAL=2
[2026-09-04T12:19:53.805+0000] {logging_mixin.py:188} INFO - 12:19:53  [WARNING][DeprecationsSummary]: Deprecated functionality
Summary of encountered deprecations:
- ModelParamUsageDeprecation: 1 occurrence
- MissingArgumentsPropertyInGenericTestDeprecation: 2 occurrences
To see all deprecation instances instead of just the first occurrence of each,
run command again with the `--show-all-deprecations` flag. You may also need to
run with `--no-partial-parse` as some deprecations are only encountered during
parsing.
[2026-09-04T12:19:54.531+0000] {local.py:196} WARNING - Artifact schema version: https://schemas.getdbt.com/dbt/manifest/v12.json is above dbt-ol supported version 7. This might cause errors.
[2026-09-04T12:19:54.534+0000] {local.py:196} WARNING - Artifact schema version: https://schemas.getdbt.com/dbt/run-results/v6.json is above dbt-ol supported version 5. This might cause errors.
[2026-09-04T12:19:54.566+0000] {taskinstance.py:441} INFO - ::group::Post task execution logs
[2026-09-04T12:19:54.585+0000] {taskinstance.py:2905} ERROR - Task failed with exception
Traceback (most recent call last):
  File "/home/airflow/.local/lib/python3.11/site-packages/airflow/models/taskinstance.py", line 465, in _execute_task
    result = _execute_callable(context=context, **execute_callable_kwargs)
             ^^^^^^^^^^^^^^^^^^^^^^^^^^^^^^^^^^^^^^^^^^^^^^^^^^^^^^^^^^^^^
  File "/home/airflow/.local/lib/python3.11/site-packages/airflow/models/taskinstance.py", line 432, in _execute_callable
    return execute_callable(context=context, **execute_callable_kwargs)
           ^^^^^^^^^^^^^^^^^^^^^^^^^^^^^^^^^^^^^^^^^^^^^^^^^^^^^^^^^^^^
  File "/home/airflow/.local/lib/python3.11/site-packages/airflow/models/baseoperator.py", line 401, in wrapper
    return func(self, *args, **kwargs)
           ^^^^^^^^^^^^^^^^^^^^^^^^^^^
  File "/home/airflow/.local/lib/python3.11/site-packages/cosmos/operators/base.py", line 268, in execute
    self.build_and_run_cmd(context=context, cmd_flags=self.add_cmd_flags())
  File "/home/airflow/.local/lib/python3.11/site-packages/cosmos/operators/local.py", line 654, in build_and_run_cmd
    result = self.run_command(cmd=dbt_cmd, env=env, context=context)
             ^^^^^^^^^^^^^^^^^^^^^^^^^^^^^^^^^^^^^^^^^^^^^^^^^^^^^^^
  File "/home/airflow/.local/lib/python3.11/site-packages/cosmos/operators/local.py", line 509, in run_command
    self.handle_exception(result)
  File "/home/airflow/.local/lib/python3.11/site-packages/cosmos/operators/local.py", line 237, in handle_exception_dbt_runner
    raise AirflowException(f"dbt invocation completed with errors: {error_message}")
airflow.exceptions.AirflowException: dbt invocation completed with errors: stg_earning: 412 PATCH https://bigquery.googleapis.com/bigquery/v2/projects/projetodbt-479518/datasets/alphavantage/tables/stg_earning?prettyPrint=false: Precondition check failed.
[2026-09-04T12:19:54.591+0000] {taskinstance.py:1206} INFO - Marking task as FAILED. dag_id=financial_fundamental_pipeline, task_id=dbt_stg_earning.stg_earning_run, run_id=manual__2026-09-04T12:18:10.300530+00:00, execution_date=20260904T121810, start_date=20260904T121913, end_date=20260904T121954
[2026-09-04T12:19:54.609+0000] {standard_task_runner.py:110} ERROR - Failed to execute job 22 for task dbt_stg_earning.stg_earning_run (dbt invocation completed with errors: stg_earning: 412 PATCH https://bigquery.googleapis.com/bigquery/v2/projects/projetodbt-479518/datasets/alphavantage/tables/stg_earning?prettyPrint=false: Precondition check failed.; 404)
[2026-09-04T12:19:54.729+0000] {local_task_job_runner.py:243} INFO - Task exited with return code 1
[2026-09-04T12:19:54.781+0000] {taskinstance.py:3503} INFO - 0 downstream tasks scheduled from follow-on schedule check
[2026-09-04T12:19:54.783+0000] {local_task_job_runner.py:222} INFO - ::endgroup::
