[2026-09-04T12:19:55.614+0000] {local_task_job_runner.py:120} INFO - ::group::Pre task execution logs
[2026-09-04T12:19:55.655+0000] {taskinstance.py:2076} INFO - Dependencies all met for dep_context=non-requeueable deps ti=<TaskInstance: financial_fundamental_pipeline.dbt_int_financial.int_financial_metrics.run manual__2026-09-04T12:18:10.300530+00:00 [queued]>
[2026-09-04T12:19:55.670+0000] {taskinstance.py:2076} INFO - Dependencies all met for dep_context=requeueable deps ti=<TaskInstance: financial_fundamental_pipeline.dbt_int_financial.int_financial_metrics.run manual__2026-09-04T12:18:10.300530+00:00 [queued]>
[2026-09-04T12:19:55.671+0000] {taskinstance.py:2306} INFO - Starting attempt 1 of 1
[2026-09-04T12:19:55.692+0000] {taskinstance.py:2330} INFO - Executing <Task(DbtRunLocalOperator): dbt_int_financial.int_financial_metrics.run> on 2026-09-04 12:18:10.300530+00:00
[2026-09-04T12:19:55.702+0000] {standard_task_runner.py:64} INFO - Started process 610 to run task
[2026-09-04T12:19:55.707+0000] {standard_task_runner.py:90} INFO - Running: ['***', 'tasks', 'run', 'financial_fundamental_pipeline', 'dbt_int_financial.int_financial_metrics.run', 'manual__2026-09-04T12:18:10.300530+00:00', '--job-id', '24', '--raw', '--subdir', 'DAGS_FOLDER/financial_pipeline_dag.py', '--cfg-path', '/tmp/tmpf8cca2a2']
[2026-09-04T12:19:55.711+0000] {standard_task_runner.py:91} INFO - Job 24: Subtask dbt_int_financial.int_financial_metrics.run
[2026-09-04T12:19:55.812+0000] {task_command.py:426} INFO - Running <TaskInstance: financial_fundamental_pipeline.dbt_int_financial.int_financial_metrics.run manual__2026-09-04T12:18:10.300530+00:00 [running]> on host bb200bb02a9f
[2026-09-04T12:19:55.954+0000] {taskinstance.py:2648} INFO - Exporting env vars: AIRFLOW_CTX_DAG_OWNER='***' AIRFLOW_CTX_DAG_ID='financial_fundamental_pipeline' AIRFLOW_CTX_TASK_ID='dbt_int_financial.int_financial_metrics.run' AIRFLOW_CTX_EXECUTION_DATE='2026-09-04T12:18:10.300530+00:00' AIRFLOW_CTX_TRY_NUMBER='1' AIRFLOW_CTX_DAG_RUN_ID='manual__2026-09-04T12:18:10.300530+00:00'
[2026-09-04T12:19:55.957+0000] {taskinstance.py:430} INFO - ::endgroup::
[2026-09-04T12:19:57.631+0000] {local.py:220} INFO - dbtRunner is available. Using dbtRunner for invoking dbt.
[2026-09-04T12:19:57.632+0000] {local.py:436} INFO - Cloning project to writable temp directory /tmp/tmp4qz2oueh from /opt/airflow/src/transformations
[2026-09-04T12:19:57.635+0000] {local.py:447} INFO - Partial parse is enabled and the latest partial parse file is /opt/airflow/src/transformations/target/partial_parse.msgpack
[2026-09-04T12:19:57.673+0000] {config.py:344} INFO - Using user-supplied profiles.yml at /opt/***/src/transformations/profiles.yml
[2026-09-04T12:19:57.673+0000] {local.py:408} INFO - Trying to run dbtRunner with:
 ['run', '--models', 'int_financial_metrics', '--project-dir', '/tmp/tmp4qz2oueh', '--profiles-dir', '/opt/***/src/transformations', '--profile', 'transformations', '--target', 'dev']
 in /tmp/tmp4qz2oueh
[2026-09-04T12:19:57.743+0000] {logging_mixin.py:188} INFO - 12:19:57  Running with dbt=1.10.8
[2026-09-04T12:19:57.745+0000] {logging_mixin.py:188} INFO - 12:19:57  [WARNING]: Deprecated functionality
Usage of `--models`, `--model`, and `-m` is deprecated in favor of `--select` or
`-s`.
[2026-09-04T12:19:59.910+0000] {logging_mixin.py:188} WARNING - /home/***/.local/lib/python3.11/site-packages/google/cloud/aiplatform/models.py:52 FutureWarning: Support for google-cloud-storage < 3.0.0 will be removed in a future version of google-cloud-aiplatform. Please upgrade to google-cloud-storage >= 3.0.0.
[2026-09-04T12:20:00.463+0000] {logging_mixin.py:188} INFO - 12:20:00  Registered adapter: bigquery=1.10.3
[2026-09-04T12:20:06.972+0000] {logging_mixin.py:188} INFO - 12:20:06  No external sources selected
[2026-09-04T12:20:07.285+0000] {logging_mixin.py:188} INFO - 12:20:07  [WARNING][MissingArgumentsPropertyInGenericTestDeprecation]: Deprecated
functionality
Found top-level arguments to test `dbt_utils.unique_combination_of_columns`.
Arguments to generic tests should be nested under the `arguments` property.`
[2026-09-04T12:20:08.479+0000] {logging_mixin.py:188} INFO - 12:20:08  Found 8 models, 6 seeds, 1 operation, 14 data tests, 5 sources, 696 macros
[2026-09-04T12:20:08.482+0000] {logging_mixin.py:188} INFO - 12:20:08
[2026-09-04T12:20:08.483+0000] {logging_mixin.py:188} INFO - 12:20:08  Concurrency: 4 threads (target='dev')
[2026-09-04T12:20:08.484+0000] {logging_mixin.py:188} INFO - 12:20:08
[2026-09-04T12:20:10.731+0000] {logging_mixin.py:188} INFO - 12:20:10  1 of 5 START external source alphavantage.ext_overview
[2026-09-04T12:20:10.742+0000] {logging_mixin.py:188} INFO - 12:20:10  1 of 5 SKIP
[2026-09-04T12:20:12.079+0000] {logging_mixin.py:188} INFO - 12:20:12  2 of 5 START external source alphavantage.ext_balance_sheet
[2026-09-04T12:20:12.082+0000] {logging_mixin.py:188} INFO - 12:20:12  2 of 5 SKIP
[2026-09-04T12:20:12.896+0000] {logging_mixin.py:188} INFO - 12:20:12  3 of 5 START external source alphavantage.ext_cash_flow
[2026-09-04T12:20:12.898+0000] {logging_mixin.py:188} INFO - 12:20:12  3 of 5 SKIP
[2026-09-04T12:20:13.614+0000] {logging_mixin.py:188} INFO - 12:20:13  4 of 5 START external source alphavantage.ext_income_statement
[2026-09-04T12:20:13.616+0000] {logging_mixin.py:188} INFO - 12:20:13  4 of 5 SKIP
[2026-09-04T12:20:14.377+0000] {logging_mixin.py:188} INFO - 12:20:14  5 of 5 START external source alphavantage.ext_earning
[2026-09-04T12:20:14.380+0000] {logging_mixin.py:188} INFO - 12:20:14  5 of 5 SKIP
[2026-09-04T12:20:15.004+0000] {logging_mixin.py:188} INFO - 12:20:15  1 of 1 START hook: transformations.on-run-start.0 .............................. [RUN]
[2026-09-04T12:20:15.005+0000] {logging_mixin.py:188} INFO - 12:20:15  1 of 1 OK hook: transformations.on-run-start.0 ................................. [OK in 4.28s]
[2026-09-04T12:20:15.006+0000] {logging_mixin.py:188} INFO - 12:20:15
[2026-09-04T12:20:15.018+0000] {logging_mixin.py:188} INFO - 12:20:15  1 of 1 START sql incremental model alphavantage.int_financial_metrics .......... [RUN]
[2026-09-04T12:20:17.275+0000] {logging_mixin.py:188} INFO - 12:20:17  BigQuery adapter: https://console.cloud.google.com/bigquery?project=projetodbt-479518&j=bq:US:7ce7576c-f2f2-4a7c-bbe4-094af002976e&page=queryresults
[2026-09-04T12:20:17.286+0000] {logging_mixin.py:188} INFO - 12:20:17  1 of 1 ERROR creating sql incremental model alphavantage.int_financial_metrics . [ERROR in 2.26s]
[2026-09-04T12:20:17.328+0000] {logging_mixin.py:188} INFO - 12:20:17
[2026-09-04T12:20:17.328+0000] {logging_mixin.py:188} INFO - 12:20:17  Finished running 1 incremental model, 1 project hook in 0 hours 0 minutes and 8.84 seconds (8.84s).
[2026-09-04T12:20:17.380+0000] {logging_mixin.py:188} INFO - 12:20:17
[2026-09-04T12:20:17.381+0000] {logging_mixin.py:188} INFO - 12:20:17  Completed with 1 error, 0 partial successes, and 0 warnings:
[2026-09-04T12:20:17.382+0000] {logging_mixin.py:188} INFO - 12:20:17
[2026-09-04T12:20:17.382+0000] {logging_mixin.py:188} INFO - 12:20:17  Failure in model int_financial_metrics (models/intermediate/int_financial_metrics.sql)
[2026-09-04T12:20:17.383+0000] {logging_mixin.py:188} INFO - 12:20:17    Database Error in model int_financial_metrics (models/intermediate/int_financial_metrics.sql)
  Unrecognized name: report_type at [26:11]
  compiled code at target/run/transformations/models/intermediate/int_financial_metrics.sql
[2026-09-04T12:20:17.384+0000] {logging_mixin.py:188} INFO - 12:20:17
[2026-09-04T12:20:17.385+0000] {logging_mixin.py:188} INFO - 12:20:17    compiled code at target/compiled/transformations/models/intermediate/int_financial_metrics.sql
[2026-09-04T12:20:17.385+0000] {logging_mixin.py:188} INFO - 12:20:17
[2026-09-04T12:20:17.386+0000] {logging_mixin.py:188} INFO - 12:20:17  Done. PASS=1 WARN=0 ERROR=1 SKIP=0 NO-OP=0 TOTAL=2
[2026-09-04T12:20:17.387+0000] {logging_mixin.py:188} INFO - 12:20:17  [WARNING][DeprecationsSummary]: Deprecated functionality
Summary of encountered deprecations:
- ModelParamUsageDeprecation: 1 occurrence
- MissingArgumentsPropertyInGenericTestDeprecation: 2 occurrences
To see all deprecation instances instead of just the first occurrence of each,
run command again with the `--show-all-deprecations` flag. You may also need to
run with `--no-partial-parse` as some deprecations are only encountered during
parsing.
[2026-09-04T12:20:18.104+0000] {local.py:196} WARNING - Artifact schema version: https://schemas.getdbt.com/dbt/manifest/v12.json is above dbt-ol supported version 7. This might cause errors.
[2026-09-04T12:20:18.105+0000] {local.py:196} WARNING - Artifact schema version: https://schemas.getdbt.com/dbt/run-results/v6.json is above dbt-ol supported version 5. This might cause errors.
[2026-09-04T12:20:18.131+0000] {taskinstance.py:441} INFO - ::group::Post task execution logs
[2026-09-04T12:20:18.145+0000] {taskinstance.py:2905} ERROR - Task failed with exception
Traceback (most recent call last):
  File "/home/airflow/.local/lib/python3.11/site-packages/airflow/models/taskinstance.py", line 465, in _execute_task
    result = _execute_callable(context=context, **execute_callable_kwargs)
             ^^^^^^^^^^^^^^^^^^^^^^^^^^^^^^^^^^^^^^^^^^^^^^^^^^^^^^^^^^^^^
  File "/home/airflow/.local/lib/python3.11/site-packages/airflow/models/taskinstance.py", line 432, in _execute_callable
    return execute_callable(context=context, **execute_callable_kwargs)
           ^^^^^^^^^^^^^^^^^^^^^^^^^^^^^^^^^^^^^^^^^^^^^^^^^^^^^^^^^^^^
  File "/home/airflow/.local/lib/python3.11/site-packages/airflow/models/baseoperator.py", line 401, in wrapper
    return func(self, *args, **kwargs)
           ^^^^^^^^^^^^^^^^^^^^^^^^^^^
  File "/home/airflow/.local/lib/python3.11/site-packages/cosmos/operators/base.py", line 268, in execute
    self.build_and_run_cmd(context=context, cmd_flags=self.add_cmd_flags())
  File "/home/airflow/.local/lib/python3.11/site-packages/cosmos/operators/local.py", line 654, in build_and_run_cmd
    result = self.run_command(cmd=dbt_cmd, env=env, context=context)
             ^^^^^^^^^^^^^^^^^^^^^^^^^^^^^^^^^^^^^^^^^^^^^^^^^^^^^^^
  File "/home/airflow/.local/lib/python3.11/site-packages/cosmos/operators/local.py", line 509, in run_command
    self.handle_exception(result)
  File "/home/airflow/.local/lib/python3.11/site-packages/cosmos/operators/local.py", line 237, in handle_exception_dbt_runner
    raise AirflowException(f"dbt invocation completed with errors: {error_message}")
airflow.exceptions.AirflowException: dbt invocation completed with errors: int_financial_metrics: Database Error in model int_financial_metrics (models/intermediate/int_financial_metrics.sql)
  Unrecognized name: report_type at [26:11]
  compiled code at target/run/transformations/models/intermediate/int_financial_metrics.sql
[2026-09-04T12:20:18.149+0000] {taskinstance.py:1206} INFO - Marking task as FAILED. dag_id=financial_fundamental_pipeline, task_id=dbt_int_financial.int_financial_metrics.run, run_id=manual__2026-09-04T12:18:10.300530+00:00, execution_date=20260904T121810, start_date=20260904T121955, end_date=20260904T122018
[2026-09-04T12:20:18.161+0000] {standard_task_runner.py:110} ERROR - Failed to execute job 24 for task dbt_int_financial.int_financial_metrics.run (dbt invocation completed with errors: int_financial_metrics: Database Error in model int_financial_metrics (models/intermediate/int_financial_metrics.sql)
  Unrecognized name: report_type at [26:11]
  compiled code at target/run/transformations/models/intermediate/int_financial_metrics.sql; 610)
[2026-09-04T12:20:18.233+0000] {local_task_job_runner.py:243} INFO - Task exited with return code 1
[2026-09-04T12:20:18.268+0000] {taskinstance.py:3503} INFO - 0 downstream tasks scheduled from follow-on schedule check
[2026-09-04T12:20:18.272+0000] {local_task_job_runner.py:222} INFO - ::endgroup::
