[2026-09-04T12:18:15.126+0000] {local_task_job_runner.py:120} INFO - ::group::Pre task execution logs
[2026-09-04T12:18:15.158+0000] {taskinstance.py:2076} INFO - Dependencies all met for dep_context=non-requeueable deps ti=<TaskInstance: financial_fundamental_pipeline.extract_overview manual__2026-09-04T12:18:10.300530+00:00 [queued]>
[2026-09-04T12:18:15.178+0000] {taskinstance.py:2076} INFO - Dependencies all met for dep_context=requeueable deps ti=<TaskInstance: financial_fundamental_pipeline.extract_overview manual__2026-09-04T12:18:10.300530+00:00 [queued]>
[2026-09-04T12:18:15.180+0000] {taskinstance.py:2306} INFO - Starting attempt 1 of 1
[2026-09-04T12:18:15.201+0000] {taskinstance.py:2330} INFO - Executing <Task(PythonOperator): extract_overview> on 2026-09-04 12:18:10.300530+00:00
[2026-09-04T12:18:15.216+0000] {standard_task_runner.py:64} INFO - Started process 296 to run task
[2026-09-04T12:18:15.294+0000] {standard_task_runner.py:90} INFO - Running: ['***', 'tasks', 'run', 'financial_fundamental_pipeline', 'extract_overview', 'manual__2026-09-04T12:18:10.300530+00:00', '--job-id', '4', '--raw', '--subdir', 'DAGS_FOLDER/financial_pipeline_dag.py', '--cfg-path', '/tmp/tmprz9j8962']
[2026-09-04T12:18:15.422+0000] {standard_task_runner.py:91} INFO - Job 4: Subtask extract_overview
[2026-09-04T12:18:15.603+0000] {task_command.py:426} INFO - Running <TaskInstance: financial_fundamental_pipeline.extract_overview manual__2026-09-04T12:18:10.300530+00:00 [running]> on host bb200bb02a9f
[2026-09-04T12:18:15.776+0000] {taskinstance.py:2648} INFO - Exporting env vars: AIRFLOW_CTX_DAG_OWNER='***' AIRFLOW_CTX_DAG_ID='financial_fundamental_pipeline' AIRFLOW_CTX_TASK_ID='extract_overview' AIRFLOW_CTX_EXECUTION_DATE='2026-09-04T12:18:10.300530+00:00' AIRFLOW_CTX_TRY_NUMBER='1' AIRFLOW_CTX_DAG_RUN_ID='manual__2026-09-04T12:18:10.300530+00:00'
[2026-09-04T12:18:15.778+0000] {taskinstance.py:430} INFO - ::endgroup::
[2026-09-04T12:18:16.493+0000] {logging_mixin.py:188} INFO - Iniciando extração de overview para 1 símbolos: ['KO']
[2026-09-04T12:18:16.493+0000] {overview.py:30} INFO - Iniciando extração de overview para 1 símbolos: ['KO']
[2026-09-04T12:18:18.139+0000] {logging_mixin.py:188} INFO - Validando dados de overview para KO...
[2026-09-04T12:18:18.139+0000] {overview.py:54} INFO - Validando dados de overview para KO...
[2026-09-04T12:18:18.142+0000] {logging_mixin.py:188} INFO - Validação bem-sucedida para KO.
[2026-09-04T12:18:18.142+0000] {overview.py:94} INFO - Validação bem-sucedida para KO.
[2026-09-04T12:18:18.144+0000] {logging_mixin.py:188} INFO - Arquivo criado: /tmp/overview_KO_2026-09-04.json (0.0017 MB)
[2026-09-04T12:18:18.144+0000] {overview.py:108} INFO - Arquivo criado: /tmp/overview_KO_2026-09-04.json (0.0017 MB)
[2026-09-04T12:18:18.145+0000] {logging_mixin.py:188} INFO - Linhas processadas para KO: 1
[2026-09-04T12:18:18.145+0000] {overview.py:111} INFO - Linhas processadas para KO: 1
[2026-09-04T12:18:18.509+0000] {loader.py:22} INFO - Upload concluído: /tmp/overview_KO_2026-09-04.json → gs://hallyson-bronze/financial/overview/year=2026/month=09/day=04/overview_KO_2026-09-04.json
[2026-09-04T12:18:18.510+0000] {logging_mixin.py:188} INFO - Upload concluído e arquivo local removido: overview_KO_2026-09-04.json
[2026-09-04T12:18:18.510+0000] {overview.py:131} INFO - Upload concluído e arquivo local removido: overview_KO_2026-09-04.json
[2026-09-04T12:18:18.511+0000] {logging_mixin.py:188} INFO - Tempo total para KO: 0.98s
[2026-09-04T12:18:18.511+0000] {overview.py:137} INFO - Tempo total para KO: 0.98s
[2026-09-04T12:18:18.833+0000] {loader.py:39} INFO - Upload de texto concluído → gs://hallyson-bronze/financial/metadata/watermarks/overview_watermark.json
[2026-09-04T12:18:18.833+0000] {watermark.py:79} INFO - Watermark atualizado com sucesso no GCS: financial/metadata/watermarks/overview_watermark.json
[2026-09-04T12:18:19.223+0000] {loader.py:22} INFO - Upload concluído: extraction.log → gs://hallyson-bronze/financial/metadata/overview/year=2026/month=09/day=04/overview_extraction.log
[2026-09-04T12:18:19.225+0000] {logger.py:83} INFO - Log enviado para financial/metadata/overview/year=2026/month=09/day=04/overview_extraction.log e removido localmente.
[2026-09-04T12:18:19.225+0000] {python.py:237} INFO - Done. Returned value was: ['financial/overview/year=2026/month=09/day=04/overview_KO_2026-09-04.json']
[2026-09-04T12:18:19.226+0000] {taskinstance.py:441} INFO - ::group::Post task execution logs
[2026-09-04T12:18:19.331+0000] {taskinstance.py:1206} INFO - Marking task as SUCCESS. dag_id=financial_fundamental_pipeline, task_id=extract_overview, run_id=manual__2026-09-04T12:18:10.300530+00:00, execution_date=20260904T121810, start_date=20260904T121815, end_date=20260904T121819
[2026-09-04T12:18:19.381+0000] {local_task_job_runner.py:243} INFO - Task exited with return code 0
[2026-09-04T12:18:19.428+0000] {taskinstance.py:3503} INFO - 2 downstream tasks scheduled from follow-on schedule check
[2026-09-04T12:18:19.430+0000] {local_task_job_runner.py:222} INFO - ::endgroup::
