[2026-09-04T12:18:19.912+0000] {local_task_job_runner.py:120} INFO - ::group::Pre task execution logs
[2026-09-04T12:18:19.938+0000] {taskinstance.py:2076} INFO - Dependencies all met for dep_context=non-requeueable deps ti=<TaskInstance: financial_fundamental_pipeline.extract_income_statement scheduled__2026-09-03T06:00:00+00:00 [queued]>
[2026-09-04T12:18:19.947+0000] {taskinstance.py:2076} INFO - Dependencies all met for dep_context=requeueable deps ti=<TaskInstance: financial_fundamental_pipeline.extract_income_statement scheduled__2026-09-03T06:00:00+00:00 [queued]>
[2026-09-04T12:18:19.949+0000] {taskinstance.py:2306} INFO - Starting attempt 1 of 1
[2026-09-04T12:18:19.961+0000] {taskinstance.py:2330} INFO - Executing <Task(PythonOperator): extract_income_statement> on 2026-09-03 06:00:00+00:00
[2026-09-04T12:18:19.970+0000] {standard_task_runner.py:64} INFO - Started process 303 to run task
[2026-09-04T12:18:19.974+0000] {standard_task_runner.py:90} INFO - Running: ['***', 'tasks', 'run', 'financial_fundamental_pipeline', 'extract_income_statement', 'scheduled__2026-09-03T06:00:00+00:00', '--job-id', '7', '--raw', '--subdir', 'DAGS_FOLDER/financial_pipeline_dag.py', '--cfg-path', '/tmp/tmpja0fflss']
[2026-09-04T12:18:19.979+0000] {standard_task_runner.py:91} INFO - Job 7: Subtask extract_income_statement
[2026-09-04T12:18:20.118+0000] {task_command.py:426} INFO - Running <TaskInstance: financial_fundamental_pipeline.extract_income_statement scheduled__2026-09-03T06:00:00+00:00 [running]> on host bb200bb02a9f
[2026-09-04T12:18:20.292+0000] {taskinstance.py:2648} INFO - Exporting env vars: AIRFLOW_CTX_DAG_OWNER='***' AIRFLOW_CTX_DAG_ID='financial_fundamental_pipeline' AIRFLOW_CTX_TASK_ID='extract_income_statement' AIRFLOW_CTX_EXECUTION_DATE='2026-09-03T06:00:00+00:00' AIRFLOW_CTX_TRY_NUMBER='1' AIRFLOW_CTX_DAG_RUN_ID='scheduled__2026-09-03T06:00:00+00:00'
[2026-09-04T12:18:20.297+0000] {taskinstance.py:430} INFO - ::endgroup::
[2026-09-04T12:18:20.700+0000] {logging_mixin.py:188} INFO - Iniciando extração de income_statement para 1 símbolos: ['KO']
[2026-09-04T12:18:20.700+0000] {income_statement.py:30} INFO - Iniciando extração de income_statement para 1 símbolos: ['KO']
[2026-09-04T12:18:22.663+0000] {logging_mixin.py:188} INFO - Validando dados de income_statement para KO...
[2026-09-04T12:18:22.663+0000] {income_statement.py:53} INFO - Validando dados de income_statement para KO...
[2026-09-04T12:18:22.671+0000] {logging_mixin.py:188} INFO - Validação bem-sucedida para KO.
[2026-09-04T12:18:22.670+0000] {income_statement.py:91} INFO - Validação bem-sucedida para KO.
[2026-09-04T12:18:22.681+0000] {logging_mixin.py:188} INFO - Arquivo criado: /tmp/income_statement_KO_2026-09-04.json (0.0804 MB)
[2026-09-04T12:18:22.681+0000] {income_statement.py:105} INFO - Arquivo criado: /tmp/income_statement_KO_2026-09-04.json (0.0804 MB)
[2026-09-04T12:18:22.687+0000] {logging_mixin.py:188} INFO - Linhas processadas para KO: 101
[2026-09-04T12:18:22.687+0000] {income_statement.py:108} INFO - Linhas processadas para KO: 101
[2026-09-04T12:18:23.301+0000] {loader.py:22} INFO - Upload concluído: /tmp/income_statement_KO_2026-09-04.json → gs://hallyson-bronze/financial/income_statement/year=2026/month=09/day=04/income_statement_KO_2026-09-04.json
[2026-09-04T12:18:23.307+0000] {logging_mixin.py:188} INFO - Upload concluído e arquivo local removido: income_statement_KO_2026-09-04.json
[2026-09-04T12:18:23.307+0000] {income_statement.py:131} INFO - Upload concluído e arquivo local removido: income_statement_KO_2026-09-04.json
[2026-09-04T12:18:23.311+0000] {logging_mixin.py:188} INFO - Tempo total para KO: 1.34s
[2026-09-04T12:18:23.311+0000] {income_statement.py:137} INFO - Tempo total para KO: 1.34s
[2026-09-04T12:18:23.698+0000] {loader.py:39} INFO - Upload de texto concluído → gs://hallyson-bronze/financial/metadata/watermarks/income_statement_watermark.json
[2026-09-04T12:18:23.700+0000] {watermark.py:79} INFO - Watermark atualizado com sucesso no GCS: financial/metadata/watermarks/income_statement_watermark.json
[2026-09-04T12:18:24.045+0000] {loader.py:22} INFO - Upload concluído: extraction.log → gs://hallyson-bronze/financial/metadata/income_statement/year=2026/month=09/day=04/income_statement_extraction.log
[2026-09-04T12:18:24.051+0000] {logger.py:83} INFO - Log enviado para financial/metadata/income_statement/year=2026/month=09/day=04/income_statement_extraction.log e removido localmente.
[2026-09-04T12:18:24.053+0000] {python.py:237} INFO - Done. Returned value was: ['financial/income_statement/year=2026/month=09/day=04/income_statement_KO_2026-09-04.json']
[2026-09-04T12:18:24.055+0000] {taskinstance.py:441} INFO - ::group::Post task execution logs
[2026-09-04T12:18:24.230+0000] {taskinstance.py:1206} INFO - Marking task as SUCCESS. dag_id=financial_fundamental_pipeline, task_id=extract_income_statement, run_id=scheduled__2026-09-03T06:00:00+00:00, execution_date=20260903T060000, start_date=20260904T121819, end_date=20260904T121824
[2026-09-04T12:18:24.310+0000] {local_task_job_runner.py:243} INFO - Task exited with return code 0
[2026-09-04T12:18:24.438+0000] {taskinstance.py:3503} INFO - 2 downstream tasks scheduled from follow-on schedule check
[2026-09-04T12:18:24.453+0000] {local_task_job_runner.py:222} INFO - ::endgroup::
