[2026-09-04T12:18:15.167+0000] {local_task_job_runner.py:120} INFO - ::group::Pre task execution logs
[2026-09-04T12:18:15.236+0000] {taskinstance.py:2076} INFO - Dependencies all met for dep_context=non-requeueable deps ti=<TaskInstance: financial_fundamental_pipeline.extract_overview scheduled__2026-09-03T06:00:00+00:00 [queued]>
[2026-09-04T12:18:15.265+0000] {taskinstance.py:2076} INFO - Dependencies all met for dep_context=requeueable deps ti=<TaskInstance: financial_fundamental_pipeline.extract_overview scheduled__2026-09-03T06:00:00+00:00 [queued]>
[2026-09-04T12:18:15.273+0000] {taskinstance.py:2306} INFO - Starting attempt 1 of 1
[2026-09-04T12:18:15.302+0000] {taskinstance.py:2330} INFO - Executing <Task(PythonOperator): extract_overview> on 2026-09-03 06:00:00+00:00
[2026-09-04T12:18:15.320+0000] {standard_task_runner.py:64} INFO - Started process 297 to run task
[2026-09-04T12:18:15.381+0000] {standard_task_runner.py:90} INFO - Running: ['***', 'tasks', 'run', 'financial_fundamental_pipeline', 'extract_overview', 'scheduled__2026-09-03T06:00:00+00:00', '--job-id', '5', '--raw', '--subdir', 'DAGS_FOLDER/financial_pipeline_dag.py', '--cfg-path', '/tmp/tmpemww4izs']
[2026-09-04T12:18:15.414+0000] {standard_task_runner.py:91} INFO - Job 5: Subtask extract_overview
[2026-09-04T12:18:15.624+0000] {task_command.py:426} INFO - Running <TaskInstance: financial_fundamental_pipeline.extract_overview scheduled__2026-09-03T06:00:00+00:00 [running]> on host bb200bb02a9f
[2026-09-04T12:18:15.790+0000] {taskinstance.py:2648} INFO - Exporting env vars: AIRFLOW_CTX_DAG_OWNER='***' AIRFLOW_CTX_DAG_ID='financial_fundamental_pipeline' AIRFLOW_CTX_TASK_ID='extract_overview' AIRFLOW_CTX_EXECUTION_DATE='2026-09-03T06:00:00+00:00' AIRFLOW_CTX_TRY_NUMBER='1' AIRFLOW_CTX_DAG_RUN_ID='scheduled__2026-09-03T06:00:00+00:00'
[2026-09-04T12:18:15.793+0000] {taskinstance.py:430} INFO - ::endgroup::
[2026-09-04T12:18:16.513+0000] {logging_mixin.py:188} INFO - Iniciando extração de overview para 1 símbolos: ['KO']
[2026-09-04T12:18:16.513+0000] {overview.py:30} INFO - Iniciando extração de overview para 1 símbolos: ['KO']
[2026-09-04T12:18:18.141+0000] {api_client.py:116} ERROR - [KO/OVERVIEW] Limite diário da Alpha Vantage atingido. Interrompendo execução.
[2026-09-04T12:18:18.141+0000] {logging_mixin.py:188} INFO - Erro inesperado ao extrair overview para KO: Limite diário de requisições atingido ao consultar 'OVERVIEW' para 'KO'. Resposta da API: Thank you for using Alpha Vantage! Please consider spreading out your free API requests more sparingly (1 request per second). You may subscribe to any of the premium plans at https://www.alphavantage.co/premium/ to lift the free key rate limit (25 requests per day), raise the per-second burst limit, and instantly unlock all premium endpoints
[2026-09-04T12:18:18.141+0000] {overview.py:186} ERROR - Erro inesperado ao extrair overview para KO: Limite diário de requisições atingido ao consultar 'OVERVIEW' para 'KO'. Resposta da API: Thank you for using Alpha Vantage! Please consider spreading out your free API requests more sparingly (1 request per second). You may subscribe to any of the premium plans at https://www.alphavantage.co/premium/ to lift the free key rate limit (25 requests per day), raise the per-second burst limit, and instantly unlock all premium endpoints
[2026-09-04T12:18:18.510+0000] {loader.py:22} INFO - Upload concluído: extraction.log → gs://hallyson-bronze/financial/metadata/overview/year=2026/month=09/day=04/overview_extraction.log
[2026-09-04T12:18:18.512+0000] {logger.py:83} INFO - Log enviado para financial/metadata/overview/year=2026/month=09/day=04/overview_extraction.log e removido localmente.
[2026-09-04T12:18:18.513+0000] {python.py:237} INFO - Done. Returned value was: []
[2026-09-04T12:18:18.514+0000] {taskinstance.py:441} INFO - ::group::Post task execution logs
[2026-09-04T12:18:18.583+0000] {taskinstance.py:1206} INFO - Marking task as SUCCESS. dag_id=financial_fundamental_pipeline, task_id=extract_overview, run_id=scheduled__2026-09-03T06:00:00+00:00, execution_date=20260903T060000, start_date=20260904T121815, end_date=20260904T121818
[2026-09-04T12:18:18.609+0000] {local_task_job_runner.py:243} INFO - Task exited with return code 0
[2026-09-04T12:18:18.652+0000] {taskinstance.py:3503} INFO - 2 downstream tasks scheduled from follow-on schedule check
[2026-09-04T12:18:18.654+0000] {local_task_job_runner.py:222} INFO - ::endgroup::
