{"timestamp": "2026-09-08T21:41:48.120895+00:00", "status": "SUCCESS", "stage_location_bucket": "hallyson-bronze", "last_updated": "2026-09-08", "endpoint": "OVERVIEW", "symbol": "AAPL", "rows_processed": 1, "size_mb": 0.000134, "time_seconds": 0.009, "error_message": null}
{"timestamp": "2026-09-08T21:41:48.139047+00:00", "status": "SUCCESS", "stage_location_bucket": "hallyson-bronze", "last_updated": "2026-09-08", "endpoint": "BALANCE_SHEET", "symbol": "AAPL", "rows_processed": 1, "size_mb": 0.00015, "time_seconds": 0.004, "error_message": null}
{"timestamp": "2026-09-08T21:41:48.155062+00:00", "status": "SUCCESS", "stage_location_bucket": "hallyson-bronze", "last_updated": "2026-09-08", "endpoint": "CASH_FLOW", "symbol": "AAPL", "rows_processed": 1, "size_mb": 0.00015, "time_seconds": 0.003, "error_message": null}
{"timestamp": "2026-09-08T21:41:48.171020+00:00", "status": "SUCCESS", "stage_location_bucket": "hallyson-bronze", "last_updated": "2026-09-08", "endpoint": "INCOME_STATEMENT", "symbol": "AAPL", "rows_processed": 1, "size_mb": 0.00015, "time_seconds": 0.003, "error_message": null}
{"timestamp": "2026-09-08T21:41:48.186451+00:00", "status": "SUCCESS", "stage_location_bucket": "hallyson-bronze", "last_updated": "2026-09-08", "endpoint": "EARNINGS", "symbol": "AAPL", "rows_processed": 0, "size_mb": 9.3e-05, "time_seconds": 0.004, "error_message": null}
{"timestamp": "2026-09-08T21:41:48.199758+00:00", "status": "QUARANTINE", "stage_location_bucket": "hallyson-bronze", "last_updated": "2026-09-08", "endpoint": "OVERVIEW", "symbol": "AAPL", "rows_processed": 1, "size_mb": 0.000129, "time_seconds": 0.006, "error_message": "Campos extras detectados: ['NewUnknownField']"}
{"timestamp": "2026-09-08T21:41:48.221837+00:00", "status": "ERROR", "stage_location_bucket": "hallyson-bronze", "last_updated": "2026-09-08", "endpoint": "OVERVIEW", "symbol": "AAPL", "rows_processed": 0, "size_mb": 0.0, "time_seconds": 0.0, "error_message": "Nenhum dado retornado para o s\u00edmbolo AAPL"}
{"timestamp": "2026-09-08T21:42:46.595015+00:00", "status": "SUCCESS", "stage_location_bucket": "hallyson-bronze", "last_updated": "2026-09-08", "endpoint": "OVERVIEW", "symbol": "AAPL", "rows_processed": 1, "size_mb": 0.000134, "time_seconds": 0.004, "error_message": null}
{"timestamp": "2026-09-08T21:42:46.602483+00:00", "status": "SUCCESS", "stage_location_bucket": "hallyson-bronze", "last_updated": "2026-09-08", "endpoint": "BALANCE_SHEET", "symbol": "AAPL", "rows_processed": 1, "size_mb": 0.00015, "time_seconds": 0.002, "error_message": null}
{"timestamp": "2026-09-08T21:42:46.613871+00:00", "status": "SUCCESS", "stage_location_bucket": "hallyson-bronze", "last_updated": "2026-09-08", "endpoint": "CASH_FLOW", "symbol": "AAPL", "rows_processed": 1, "size_mb": 0.00015, "time_seconds": 0.002, "error_message": null}
{"timestamp": "2026-09-08T21:42:46.626424+00:00", "status": "SUCCESS", "stage_location_bucket": "hallyson-bronze", "last_updated": "2026-09-08", "endpoint": "INCOME_STATEMENT", "symbol": "AAPL", "rows_processed": 1, "size_mb": 0.00015, "time_seconds": 0.006, "error_message": null}
{"timestamp": "2026-09-08T21:42:46.634835+00:00", "status": "SUCCESS", "stage_location_bucket": "hallyson-bronze", "last_updated": "2026-09-08", "endpoint": "EARNINGS", "symbol": "AAPL", "rows_processed": 0, "size_mb": 9.3e-05, "time_seconds": 0.002, "error_message": null}
{"timestamp": "2026-09-08T21:42:46.645068+00:00", "status": "QUARANTINE", "stage_location_bucket": "hallyson-bronze", "last_updated": "2026-09-08", "endpoint": "OVERVIEW", "symbol": "AAPL", "rows_processed": 1, "size_mb": 0.000129, "time_seconds": 0.002, "error_message": "Campos extras detectados: ['NewUnknownField']"}
{"timestamp": "2026-09-08T21:42:46.650832+00:00", "status": "ERROR", "stage_location_bucket": "hallyson-bronze", "last_updated": "2026-09-08", "endpoint": "OVERVIEW", "symbol": "AAPL", "rows_processed": 0, "size_mb": 0.0, "time_seconds": 0.0, "error_message": "Nenhum dado retornado para o s\u00edmbolo AAPL"}
{"timestamp": "2026-09-08T21:42:46.693009+00:00", "status": "SUCCESS", "stage_location_bucket": "hallyson-bronze", "last_updated": "2026-09-08", "endpoint": "OVERVIEW", "symbol": "AAPL", "rows_processed": 1, "size_mb": 4.9e-05, "time_seconds": 0.004, "error_message": null}
{"timestamp": "2026-09-08T21:42:46.702558+00:00", "status": "SUCCESS", "stage_location_bucket": "hallyson-bronze", "last_updated": "2026-09-08", "endpoint": "BALANCE_SHEET", "symbol": "JPM", "rows_processed": 0, "size_mb": 8.9e-05, "time_seconds": 0.002, "error_message": null}
{"timestamp": "2026-09-08T21:43:04.905603+00:00", "status": "SUCCESS", "stage_location_bucket": "hallyson-bronze", "last_updated": "2026-09-08", "endpoint": "OVERVIEW", "symbol": "AAPL", "rows_processed": 1, "size_mb": 0.000134, "time_seconds": 0.004, "error_message": null}
{"timestamp": "2026-09-08T21:43:04.915488+00:00", "status": "SUCCESS", "stage_location_bucket": "hallyson-bronze", "last_updated": "2026-09-08", "endpoint": "BALANCE_SHEET", "symbol": "AAPL", "rows_processed": 1, "size_mb": 0.00015, "time_seconds": 0.002, "error_message": null}
{"timestamp": "2026-09-08T21:43:04.926844+00:00", "status": "SUCCESS", "stage_location_bucket": "hallyson-bronze", "last_updated": "2026-09-08", "endpoint": "CASH_FLOW", "symbol": "AAPL", "rows_processed": 1, "size_mb": 0.00015, "time_seconds": 0.003, "error_message": null}
{"timestamp": "2026-09-08T21:43:04.940890+00:00", "status": "SUCCESS", "stage_location_bucket": "hallyson-bronze", "last_updated": "2026-09-08", "endpoint": "INCOME_STATEMENT", "symbol": "AAPL", "rows_processed": 1, "size_mb": 0.00015, "time_seconds": 0.006, "error_message": null}
{"timestamp": "2026-09-08T21:43:04.951528+00:00", "status": "SUCCESS", "stage_location_bucket": "hallyson-bronze", "last_updated": "2026-09-08", "endpoint": "EARNINGS", "symbol": "AAPL", "rows_processed": 0, "size_mb": 9.3e-05, "time_seconds": 0.003, "error_message": null}
{"timestamp": "2026-09-08T21:43:04.965511+00:00", "status": "QUARANTINE", "stage_location_bucket": "hallyson-bronze", "last_updated": "2026-09-08", "endpoint": "OVERVIEW", "symbol": "AAPL", "rows_processed": 1, "size_mb": 0.000129, "time_seconds": 0.002, "error_message": "Campos extras detectados: ['NewUnknownField']"}
{"timestamp": "2026-09-08T21:43:04.975128+00:00", "status": "ERROR", "stage_location_bucket": "hallyson-bronze", "last_updated": "2026-09-08", "endpoint": "OVERVIEW", "symbol": "AAPL", "rows_processed": 0, "size_mb": 0.0, "time_seconds": 0.0, "error_message": "Nenhum dado retornado para o s\u00edmbolo AAPL"}
{"timestamp": "2026-09-08T21:43:05.022274+00:00", "status": "SUCCESS", "stage_location_bucket": "hallyson-bronze", "last_updated": "2026-09-08", "endpoint": "OVERVIEW", "symbol": "AAPL", "rows_processed": 1, "size_mb": 4.9e-05, "time_seconds": 0.004, "error_message": null}
{"timestamp": "2026-09-08T21:43:05.032792+00:00", "status": "SUCCESS", "stage_location_bucket": "hallyson-bronze", "last_updated": "2026-09-08", "endpoint": "BALANCE_SHEET", "symbol": "JPM", "rows_processed": 0, "size_mb": 8.9e-05, "time_seconds": 0.003, "error_message": null}
{"timestamp": "2026-09-08T21:56:33.192414+00:00", "status": "SUCCESS", "stage_location_bucket": "hallyson-bronze", "last_updated": "2026-09-08", "endpoint": "OVERVIEW", "symbol": "AAPL", "rows_processed": 1, "size_mb": 0.000134, "time_seconds": 0.004, "error_message": null}
{"timestamp": "2026-09-08T21:56:33.201831+00:00", "status": "SUCCESS", "stage_location_bucket": "hallyson-bronze", "last_updated": "2026-09-08", "endpoint": "BALANCE_SHEET", "symbol": "AAPL", "rows_processed": 1, "size_mb": 0.00015, "time_seconds": 0.003, "error_message": null}
{"timestamp": "2026-09-08T21:56:33.211208+00:00", "status": "SUCCESS", "stage_location_bucket": "hallyson-bronze", "last_updated": "2026-09-08", "endpoint": "CASH_FLOW", "symbol": "AAPL", "rows_processed": 1, "size_mb": 0.00015, "time_seconds": 0.004, "error_message": null}
{"timestamp": "2026-09-08T21:56:33.219352+00:00", "status": "SUCCESS", "stage_location_bucket": "hallyson-bronze", "last_updated": "2026-09-08", "endpoint": "INCOME_STATEMENT", "symbol": "AAPL", "rows_processed": 1, "size_mb": 0.00015, "time_seconds": 0.002, "error_message": null}
{"timestamp": "2026-09-08T21:56:33.228253+00:00", "status": "SUCCESS", "stage_location_bucket": "hallyson-bronze", "last_updated": "2026-09-08", "endpoint": "EARNINGS", "symbol": "AAPL", "rows_processed": 0, "size_mb": 9.3e-05, "time_seconds": 0.002, "error_message": null}
{"timestamp": "2026-09-08T21:56:33.234346+00:00", "status": "QUARANTINE", "stage_location_bucket": "hallyson-bronze", "last_updated": "2026-09-08", "endpoint": "OVERVIEW", "symbol": "AAPL", "rows_processed": 1, "size_mb": 0.000129, "time_seconds": 0.001, "error_message": "Campos extras detectados: ['NewUnknownField']"}
{"timestamp": "2026-09-08T21:56:33.238647+00:00", "status": "ERROR", "stage_location_bucket": "hallyson-bronze", "last_updated": "2026-09-08", "endpoint": "OVERVIEW", "symbol": "AAPL", "rows_processed": 0, "size_mb": 0.0, "time_seconds": 0.0, "error_message": "Nenhum dado retornado para o s\u00edmbolo AAPL"}
{"timestamp": "2026-09-08T21:56:33.270771+00:00", "status": "SUCCESS", "stage_location_bucket": "hallyson-bronze", "last_updated": "2026-09-08", "endpoint": "OVERVIEW", "symbol": "AAPL", "rows_processed": 1, "size_mb": 4.9e-05, "time_seconds": 0.002, "error_message": null}
{"timestamp": "2026-09-08T21:56:33.283126+00:00", "status": "SUCCESS", "stage_location_bucket": "hallyson-bronze", "last_updated": "2026-09-08", "endpoint": "BALANCE_SHEET", "symbol": "JPM", "rows_processed": 0, "size_mb": 8.9e-05, "time_seconds": 0.003, "error_message": null}
{"timestamp": "2026-09-08T22:18:27.230792+00:00", "status": "SUCCESS", "stage_location_bucket": "hallyson-bronze", "last_updated": "2026-09-08", "endpoint": "OVERVIEW", "symbol": "AAPL", "rows_processed": 1, "size_mb": 0.000134, "time_seconds": 0.023, "error_message": null}
{"timestamp": "2026-09-08T22:18:27.255441+00:00", "status": "SUCCESS", "stage_location_bucket": "hallyson-bronze", "last_updated": "2026-09-08", "endpoint": "BALANCE_SHEET", "symbol": "AAPL", "rows_processed": 1, "size_mb": 0.00015, "time_seconds": 0.004, "error_message": null}
{"timestamp": "2026-09-08T22:18:27.269569+00:00", "status": "SUCCESS", "stage_location_bucket": "hallyson-bronze", "last_updated": "2026-09-08", "endpoint": "CASH_FLOW", "symbol": "AAPL", "rows_processed": 1, "size_mb": 0.00015, "time_seconds": 0.003, "error_message": null}
{"timestamp": "2026-09-08T22:18:27.280968+00:00", "status": "SUCCESS", "stage_location_bucket": "hallyson-bronze", "last_updated": "2026-09-08", "endpoint": "INCOME_STATEMENT", "symbol": "AAPL", "rows_processed": 1, "size_mb": 0.00015, "time_seconds": 0.004, "error_message": null}
{"timestamp": "2026-09-08T22:18:27.289772+00:00", "status": "SUCCESS", "stage_location_bucket": "hallyson-bronze", "last_updated": "2026-09-08", "endpoint": "EARNINGS", "symbol": "AAPL", "rows_processed": 0, "size_mb": 9.3e-05, "time_seconds": 0.002, "error_message": null}
{"timestamp": "2026-09-08T22:18:27.299178+00:00", "status": "QUARANTINE", "stage_location_bucket": "hallyson-bronze", "last_updated": "2026-09-08", "endpoint": "OVERVIEW", "symbol": "AAPL", "rows_processed": 1, "size_mb": 0.000129, "time_seconds": 0.004, "error_message": "Campos extras detectados: ['NewUnknownField']"}
{"timestamp": "2026-09-08T22:18:27.305833+00:00", "status": "ERROR", "stage_location_bucket": "hallyson-bronze", "last_updated": "2026-09-08", "endpoint": "OVERVIEW", "symbol": "AAPL", "rows_processed": 0, "size_mb": 0.0, "time_seconds": 0.0, "error_message": "Nenhum dado retornado para o s\u00edmbolo AAPL"}
{"timestamp": "2026-09-08T22:18:27.351379+00:00", "status": "SUCCESS", "stage_location_bucket": "hallyson-bronze", "last_updated": "2026-09-08", "endpoint": "OVERVIEW", "symbol": "AAPL", "rows_processed": 1, "size_mb": 4.9e-05, "time_seconds": 0.004, "error_message": null}
{"timestamp": "2026-09-08T22:18:27.359917+00:00", "status": "SUCCESS", "stage_location_bucket": "hallyson-bronze", "last_updated": "2026-09-08", "endpoint": "BALANCE_SHEET", "symbol": "JPM", "rows_processed": 0, "size_mb": 8.9e-05, "time_seconds": 0.002, "error_message": null}
