[2026-09-04T12:18:31.140+0000] {local_task_job_runner.py:120} INFO - ::group::Pre task execution logs
[2026-09-04T12:18:31.204+0000] {taskinstance.py:2076} INFO - Dependencies all met for dep_context=non-requeueable deps ti=<TaskInstance: financial_fundamental_pipeline.extract_balance_sheet manual__2026-09-04T12:18:10.300530+00:00 [queued]>
[2026-09-04T12:18:31.228+0000] {taskinstance.py:2076} INFO - Dependencies all met for dep_context=requeueable deps ti=<TaskInstance: financial_fundamental_pipeline.extract_balance_sheet manual__2026-09-04T12:18:10.300530+00:00 [queued]>
[2026-09-04T12:18:31.229+0000] {taskinstance.py:2306} INFO - Starting attempt 1 of 1
[2026-09-04T12:18:31.259+0000] {taskinstance.py:2330} INFO - Executing <Task(PythonOperator): extract_balance_sheet> on 2026-09-04 12:18:10.300530+00:00
[2026-09-04T12:18:31.295+0000] {standard_task_runner.py:64} INFO - Started process 325 to run task
[2026-09-04T12:18:31.298+0000] {standard_task_runner.py:90} INFO - Running: ['***', 'tasks', 'run', 'financial_fundamental_pipeline', 'extract_balance_sheet', 'manual__2026-09-04T12:18:10.300530+00:00', '--job-id', '13', '--raw', '--subdir', 'DAGS_FOLDER/financial_pipeline_dag.py', '--cfg-path', '/tmp/tmpfbrbeb1k']
[2026-09-04T12:18:31.307+0000] {standard_task_runner.py:91} INFO - Job 13: Subtask extract_balance_sheet
[2026-09-04T12:18:31.459+0000] {task_command.py:426} INFO - Running <TaskInstance: financial_fundamental_pipeline.extract_balance_sheet manual__2026-09-04T12:18:10.300530+00:00 [running]> on host bb200bb02a9f
[2026-09-04T12:18:31.690+0000] {taskinstance.py:2648} INFO - Exporting env vars: AIRFLOW_CTX_DAG_OWNER='***' AIRFLOW_CTX_DAG_ID='financial_fundamental_pipeline' AIRFLOW_CTX_TASK_ID='extract_balance_sheet' AIRFLOW_CTX_EXECUTION_DATE='2026-09-04T12:18:10.300530+00:00' AIRFLOW_CTX_TRY_NUMBER='1' AIRFLOW_CTX_DAG_RUN_ID='manual__2026-09-04T12:18:10.300530+00:00'
[2026-09-04T12:18:31.692+0000] {taskinstance.py:430} INFO - ::endgroup::
[2026-09-04T12:18:32.440+0000] {logging_mixin.py:188} INFO - Iniciando extração de balance_sheet para 1 símbolos: ['KO']
[2026-09-04T12:18:32.439+0000] {balance_sheet.py:30} INFO - Iniciando extração de balance_sheet para 1 símbolos: ['KO']
[2026-09-04T12:18:34.862+0000] {logging_mixin.py:188} INFO - Validando dados de balance_sheet para KO...
[2026-09-04T12:18:34.862+0000] {balance_sheet.py:53} INFO - Validando dados de balance_sheet para KO...
[2026-09-04T12:18:34.882+0000] {logging_mixin.py:188} INFO - Validação bem-sucedida para KO.
[2026-09-04T12:18:34.881+0000] {balance_sheet.py:91} INFO - Validação bem-sucedida para KO.
[2026-09-04T12:18:34.906+0000] {logging_mixin.py:188} INFO - Arquivo criado: /tmp/balance_sheet_KO_2026-09-04.json (0.1288 MB)
[2026-09-04T12:18:34.905+0000] {balance_sheet.py:105} INFO - Arquivo criado: /tmp/balance_sheet_KO_2026-09-04.json (0.1288 MB)
[2026-09-04T12:18:34.942+0000] {logging_mixin.py:188} INFO - Linhas processadas para KO: 101
[2026-09-04T12:18:34.942+0000] {balance_sheet.py:108} INFO - Linhas processadas para KO: 101
[2026-09-04T12:18:34.946+0000] {logging_mixin.py:188} INFO - Exercício fiscal '2025-12-31' para KO já existe no Data Lake. Upload no GCS ignorado.
[2026-09-04T12:18:34.946+0000] {balance_sheet.py:118} INFO - Exercício fiscal '2025-12-31' para KO já existe no Data Lake. Upload no GCS ignorado.
[2026-09-04T12:18:34.947+0000] {logger.py:71} WARNING - Arquivo de log não encontrado, upload ignorado: extraction.log
[2026-09-04T12:18:34.948+0000] {python.py:237} INFO - Done. Returned value was: []
[2026-09-04T12:18:34.949+0000] {taskinstance.py:441} INFO - ::group::Post task execution logs
[2026-09-04T12:18:35.109+0000] {taskinstance.py:1206} INFO - Marking task as SUCCESS. dag_id=financial_fundamental_pipeline, task_id=extract_balance_sheet, run_id=manual__2026-09-04T12:18:10.300530+00:00, execution_date=20260904T121810, start_date=20260904T121831, end_date=20260904T121835
[2026-09-04T12:18:35.235+0000] {local_task_job_runner.py:243} INFO - Task exited with return code 0
[2026-09-04T12:18:35.685+0000] {taskinstance.py:3503} INFO - 2 downstream tasks scheduled from follow-on schedule check
[2026-09-04T12:18:35.701+0000] {local_task_job_runner.py:222} INFO - ::endgroup::
