[2026-09-04T12:19:02.343+0000] {local_task_job_runner.py:120} INFO - ::group::Pre task execution logs
[2026-09-04T12:19:02.476+0000] {taskinstance.py:2076} INFO - Dependencies all met for dep_context=non-requeueable deps ti=<TaskInstance: financial_fundamental_pipeline.extract_earnings scheduled__2026-09-03T06:00:00+00:00 [queued]>
[2026-09-04T12:19:02.518+0000] {taskinstance.py:2076} INFO - Dependencies all met for dep_context=requeueable deps ti=<TaskInstance: financial_fundamental_pipeline.extract_earnings scheduled__2026-09-03T06:00:00+00:00 [queued]>
[2026-09-04T12:19:02.520+0000] {taskinstance.py:2306} INFO - Starting attempt 1 of 1
[2026-09-04T12:19:02.556+0000] {taskinstance.py:2330} INFO - Executing <Task(PythonOperator): extract_earnings> on 2026-09-03 06:00:00+00:00
[2026-09-04T12:19:02.601+0000] {standard_task_runner.py:64} INFO - Started process 368 to run task
[2026-09-04T12:19:02.706+0000] {standard_task_runner.py:90} INFO - Running: ['***', 'tasks', 'run', 'financial_fundamental_pipeline', 'extract_earnings', 'scheduled__2026-09-03T06:00:00+00:00', '--job-id', '21', '--raw', '--subdir', 'DAGS_FOLDER/financial_pipeline_dag.py', '--cfg-path', '/tmp/tmptli2o8g1']
[2026-09-04T12:19:02.745+0000] {standard_task_runner.py:91} INFO - Job 21: Subtask extract_earnings
[2026-09-04T12:19:04.236+0000] {task_command.py:426} INFO - Running <TaskInstance: financial_fundamental_pipeline.extract_earnings scheduled__2026-09-03T06:00:00+00:00 [running]> on host bb200bb02a9f
[2026-09-04T12:19:04.981+0000] {taskinstance.py:2648} INFO - Exporting env vars: AIRFLOW_CTX_DAG_OWNER='***' AIRFLOW_CTX_DAG_ID='financial_fundamental_pipeline' AIRFLOW_CTX_TASK_ID='extract_earnings' AIRFLOW_CTX_EXECUTION_DATE='2026-09-03T06:00:00+00:00' AIRFLOW_CTX_TRY_NUMBER='1' AIRFLOW_CTX_DAG_RUN_ID='scheduled__2026-09-03T06:00:00+00:00'
[2026-09-04T12:19:05.011+0000] {taskinstance.py:430} INFO - ::endgroup::
[2026-09-04T12:19:06.334+0000] {logging_mixin.py:188} INFO - Iniciando extração de earnings para 1 símbolos: ['KO']
[2026-09-04T12:19:06.334+0000] {earning.py:30} INFO - Iniciando extração de earnings para 1 símbolos: ['KO']
[2026-09-04T12:19:08.314+0000] {logging_mixin.py:188} INFO - Validando dados de earnings para KO...
[2026-09-04T12:19:08.314+0000] {earning.py:53} INFO - Validando dados de earnings para KO...
[2026-09-04T12:19:08.326+0000] {logging_mixin.py:188} INFO - Validação bem-sucedida para KO.
[2026-09-04T12:19:08.326+0000] {earning.py:91} INFO - Validação bem-sucedida para KO.
[2026-09-04T12:19:08.345+0000] {logging_mixin.py:188} INFO - Arquivo criado: /tmp/earning_KO_2026-09-04.json (0.0231 MB)
[2026-09-04T12:19:08.345+0000] {earning.py:105} INFO - Arquivo criado: /tmp/earning_KO_2026-09-04.json (0.0231 MB)
[2026-09-04T12:19:08.351+0000] {logging_mixin.py:188} INFO - Linhas processadas para KO: 153
[2026-09-04T12:19:08.350+0000] {earning.py:108} INFO - Linhas processadas para KO: 153
[2026-09-04T12:19:08.838+0000] {loader.py:22} INFO - Upload concluído: /tmp/earning_KO_2026-09-04.json → gs://hallyson-bronze/financial/earning/year=2026/month=09/day=04/earning_KO_2026-09-04.json
[2026-09-04T12:19:08.839+0000] {logging_mixin.py:188} INFO - Upload concluído e arquivo local removido: earning_KO_2026-09-04.json
[2026-09-04T12:19:08.839+0000] {earning.py:131} INFO - Upload concluído e arquivo local removido: earning_KO_2026-09-04.json
[2026-09-04T12:19:08.841+0000] {logging_mixin.py:188} INFO - Tempo total para KO: 1.18s
[2026-09-04T12:19:08.841+0000] {earning.py:137} INFO - Tempo total para KO: 1.18s
[2026-09-04T12:19:09.282+0000] {loader.py:39} INFO - Upload de texto concluído → gs://hallyson-bronze/financial/metadata/watermarks/earnings_watermark.json
[2026-09-04T12:19:09.296+0000] {watermark.py:79} INFO - Watermark atualizado com sucesso no GCS: financial/metadata/watermarks/earnings_watermark.json
[2026-09-04T12:19:09.810+0000] {loader.py:22} INFO - Upload concluído: extraction.log → gs://hallyson-bronze/financial/metadata/earning/year=2026/month=09/day=04/earning_extraction.log
[2026-09-04T12:19:09.812+0000] {logger.py:83} INFO - Log enviado para financial/metadata/earning/year=2026/month=09/day=04/earning_extraction.log e removido localmente.
[2026-09-04T12:19:09.813+0000] {python.py:237} INFO - Done. Returned value was: ['financial/earning/year=2026/month=09/day=04/earning_KO_2026-09-04.json']
[2026-09-04T12:19:09.815+0000] {taskinstance.py:441} INFO - ::group::Post task execution logs
[2026-09-04T12:19:09.922+0000] {taskinstance.py:1206} INFO - Marking task as SUCCESS. dag_id=financial_fundamental_pipeline, task_id=extract_earnings, run_id=scheduled__2026-09-03T06:00:00+00:00, execution_date=20260903T060000, start_date=20260904T121902, end_date=20260904T121909
[2026-09-04T12:19:10.104+0000] {local_task_job_runner.py:243} INFO - Task exited with return code 0
[2026-09-04T12:19:10.237+0000] {taskinstance.py:3503} INFO - 1 downstream tasks scheduled from follow-on schedule check
[2026-09-04T12:19:10.267+0000] {local_task_job_runner.py:222} INFO - ::endgroup::
