[2026-09-04T12:18:27.041+0000] {local_task_job_runner.py:120} INFO - ::group::Pre task execution logs
[2026-09-04T12:18:27.085+0000] {taskinstance.py:2076} INFO - Dependencies all met for dep_context=non-requeueable deps ti=<TaskInstance: financial_fundamental_pipeline.dbt_stg_income.stg_income_statement_run scheduled__2026-09-03T06:00:00+00:00 [queued]>
[2026-09-04T12:18:27.102+0000] {taskinstance.py:2076} INFO - Dependencies all met for dep_context=requeueable deps ti=<TaskInstance: financial_fundamental_pipeline.dbt_stg_income.stg_income_statement_run scheduled__2026-09-03T06:00:00+00:00 [queued]>
[2026-09-04T12:18:27.104+0000] {taskinstance.py:2306} INFO - Starting attempt 1 of 1
[2026-09-04T12:18:27.126+0000] {taskinstance.py:2330} INFO - Executing <Task(DbtRunLocalOperator): dbt_stg_income.stg_income_statement_run> on 2026-09-03 06:00:00+00:00
[2026-09-04T12:18:27.155+0000] {standard_task_runner.py:64} INFO - Started process 318 to run task
[2026-09-04T12:18:27.159+0000] {standard_task_runner.py:90} INFO - Running: ['***', 'tasks', 'run', 'financial_fundamental_pipeline', 'dbt_stg_income.stg_income_statement_run', 'scheduled__2026-09-03T06:00:00+00:00', '--job-id', '10', '--raw', '--subdir', 'DAGS_FOLDER/financial_pipeline_dag.py', '--cfg-path', '/tmp/tmpzkv8av6p']
[2026-09-04T12:18:27.175+0000] {standard_task_runner.py:91} INFO - Job 10: Subtask dbt_stg_income.stg_income_statement_run
[2026-09-04T12:18:27.359+0000] {task_command.py:426} INFO - Running <TaskInstance: financial_fundamental_pipeline.dbt_stg_income.stg_income_statement_run scheduled__2026-09-03T06:00:00+00:00 [running]> on host bb200bb02a9f
[2026-09-04T12:18:27.580+0000] {taskinstance.py:2648} INFO - Exporting env vars: AIRFLOW_CTX_DAG_OWNER='***' AIRFLOW_CTX_DAG_ID='financial_fundamental_pipeline' AIRFLOW_CTX_TASK_ID='dbt_stg_income.stg_income_statement_run' AIRFLOW_CTX_EXECUTION_DATE='2026-09-03T06:00:00+00:00' AIRFLOW_CTX_TRY_NUMBER='1' AIRFLOW_CTX_DAG_RUN_ID='scheduled__2026-09-03T06:00:00+00:00'
[2026-09-04T12:18:27.582+0000] {taskinstance.py:430} INFO - ::endgroup::
[2026-09-04T12:18:32.595+0000] {local.py:220} INFO - dbtRunner is available. Using dbtRunner for invoking dbt.
[2026-09-04T12:18:32.600+0000] {local.py:436} INFO - Cloning project to writable temp directory /tmp/tmpprlly_mx from /opt/airflow/src/transformations
[2026-09-04T12:18:32.609+0000] {local.py:447} INFO - Partial parse is enabled and the latest partial parse file is /opt/airflow/src/transformations/target/partial_parse.msgpack
[2026-09-04T12:18:32.873+0000] {config.py:344} INFO - Using user-supplied profiles.yml at /opt/***/src/transformations/profiles.yml
[2026-09-04T12:18:32.874+0000] {local.py:408} INFO - Trying to run dbtRunner with:
 ['run', '--models', 'stg_income_statement', '--project-dir', '/tmp/tmpprlly_mx', '--profiles-dir', '/opt/***/src/transformations', '--profile', 'transformations', '--target', 'dev']
 in /tmp/tmpprlly_mx
[2026-09-04T12:18:33.104+0000] {logging_mixin.py:188} INFO - 12:18:33  Running with dbt=1.10.8
[2026-09-04T12:18:33.108+0000] {logging_mixin.py:188} INFO - 12:18:33  [WARNING]: Deprecated functionality
Usage of `--models`, `--model`, and `-m` is deprecated in favor of `--select` or
`-s`.
[2026-09-04T12:18:45.948+0000] {logging_mixin.py:188} WARNING - /home/***/.local/lib/python3.11/site-packages/google/cloud/aiplatform/models.py:52 FutureWarning: Support for google-cloud-storage < 3.0.0 will be removed in a future version of google-cloud-aiplatform. Please upgrade to google-cloud-storage >= 3.0.0.
[2026-09-04T12:18:47.655+0000] {logging_mixin.py:188} INFO - 12:18:47  Registered adapter: bigquery=1.10.3
[2026-09-04T12:19:13.664+0000] {logging_mixin.py:188} INFO - 12:19:13  No external sources selected
[2026-09-04T12:19:14.826+0000] {logging_mixin.py:188} INFO - 12:19:14  [WARNING][MissingArgumentsPropertyInGenericTestDeprecation]: Deprecated
functionality
Found top-level arguments to test `dbt_utils.unique_combination_of_columns`.
Arguments to generic tests should be nested under the `arguments` property.`
[2026-09-04T12:19:18.876+0000] {logging_mixin.py:188} INFO - 12:19:18  Found 8 models, 6 seeds, 1 operation, 14 data tests, 5 sources, 696 macros
[2026-09-04T12:19:18.892+0000] {logging_mixin.py:188} INFO - 12:19:18
[2026-09-04T12:19:18.893+0000] {logging_mixin.py:188} INFO - 12:19:18  Concurrency: 4 threads (target='dev')
[2026-09-04T12:19:18.895+0000] {logging_mixin.py:188} INFO - 12:19:18
[2026-09-04T12:19:22.466+0000] {logging_mixin.py:188} INFO - 12:19:22  1 of 5 START external source alphavantage.ext_overview
[2026-09-04T12:19:22.494+0000] {logging_mixin.py:188} INFO - 12:19:22  1 of 5 SKIP
[2026-09-04T12:19:24.339+0000] {logging_mixin.py:188} INFO - 12:19:24  2 of 5 START external source alphavantage.ext_balance_sheet
[2026-09-04T12:19:24.350+0000] {logging_mixin.py:188} INFO - 12:19:24  2 of 5 SKIP
[2026-09-04T12:19:25.155+0000] {logging_mixin.py:188} INFO - 12:19:25  3 of 5 START external source alphavantage.ext_cash_flow
[2026-09-04T12:19:25.159+0000] {logging_mixin.py:188} INFO - 12:19:25  3 of 5 SKIP
[2026-09-04T12:19:25.965+0000] {logging_mixin.py:188} INFO - 12:19:25  4 of 5 START external source alphavantage.ext_income_statement
[2026-09-04T12:19:25.967+0000] {logging_mixin.py:188} INFO - 12:19:25  4 of 5 SKIP
[2026-09-04T12:19:26.765+0000] {logging_mixin.py:188} INFO - 12:19:26  5 of 5 START external source alphavantage.ext_earning
[2026-09-04T12:19:26.770+0000] {logging_mixin.py:188} INFO - 12:19:26  5 of 5 SKIP
[2026-09-04T12:19:27.632+0000] {logging_mixin.py:188} INFO - 12:19:27  1 of 1 START hook: transformations.on-run-start.0 .............................. [RUN]
[2026-09-04T12:19:27.635+0000] {logging_mixin.py:188} INFO - 12:19:27  1 of 1 OK hook: transformations.on-run-start.0 ................................. [OK in 5.20s]
[2026-09-04T12:19:27.637+0000] {logging_mixin.py:188} INFO - 12:19:27
[2026-09-04T12:19:27.700+0000] {logging_mixin.py:188} INFO - 12:19:27  1 of 1 START sql view model alphavantage.stg_income_statement .................. [RUN]
[2026-09-04T12:19:31.715+0000] {logging_mixin.py:188} INFO - 12:19:31  1 of 1 OK created sql view model alphavantage.stg_income_statement ............. [CREATE VIEW (0 processed) in 4.00s]
[2026-09-04T12:19:31.789+0000] {logging_mixin.py:188} INFO - 12:19:31
[2026-09-04T12:19:31.790+0000] {logging_mixin.py:188} INFO - 12:19:31  Finished running 1 project hook, 1 view model in 0 hours 0 minutes and 12.88 seconds (12.88s).
[2026-09-04T12:19:32.033+0000] {logging_mixin.py:188} INFO - 12:19:32
[2026-09-04T12:19:32.041+0000] {logging_mixin.py:188} INFO - 12:19:32  Completed successfully
[2026-09-04T12:19:32.044+0000] {logging_mixin.py:188} INFO - 12:19:32
[2026-09-04T12:19:32.051+0000] {logging_mixin.py:188} INFO - 12:19:32  Done. PASS=2 WARN=0 ERROR=0 SKIP=0 NO-OP=0 TOTAL=2
[2026-09-04T12:19:32.061+0000] {logging_mixin.py:188} INFO - 12:19:32  [WARNING][DeprecationsSummary]: Deprecated functionality
Summary of encountered deprecations:
- ModelParamUsageDeprecation: 1 occurrence
- MissingArgumentsPropertyInGenericTestDeprecation: 2 occurrences
To see all deprecation instances instead of just the first occurrence of each,
run command again with the `--show-all-deprecations` flag. You may also need to
run with `--no-partial-parse` as some deprecations are only encountered during
parsing.
[2026-09-04T12:19:32.960+0000] {local.py:196} WARNING - Artifact schema version: https://schemas.getdbt.com/dbt/manifest/v12.json is above dbt-ol supported version 7. This might cause errors.
[2026-09-04T12:19:32.960+0000] {local.py:196} WARNING - Artifact schema version: https://schemas.getdbt.com/dbt/run-results/v6.json is above dbt-ol supported version 5. This might cause errors.
[2026-09-04T12:19:33.017+0000] {taskinstance.py:441} INFO - ::group::Post task execution logs
[2026-09-04T12:19:33.039+0000] {taskinstance.py:1206} INFO - Marking task as SUCCESS. dag_id=financial_fundamental_pipeline, task_id=dbt_stg_income.stg_income_statement_run, run_id=scheduled__2026-09-03T06:00:00+00:00, execution_date=20260903T060000, start_date=20260904T121827, end_date=20260904T121933
[2026-09-04T12:19:33.225+0000] {local_task_job_runner.py:243} INFO - Task exited with return code 0
[2026-09-04T12:19:33.518+0000] {taskinstance.py:3503} INFO - 0 downstream tasks scheduled from follow-on schedule check
[2026-09-04T12:19:33.522+0000] {local_task_job_runner.py:222} INFO - ::endgroup::
