[2026-09-04T12:18:22.851+0000] {local_task_job_runner.py:120} INFO - ::group::Pre task execution logs
[2026-09-04T12:18:22.886+0000] {taskinstance.py:2076} INFO - Dependencies all met for dep_context=non-requeueable deps ti=<TaskInstance: financial_fundamental_pipeline.dbt_stg_overview.stg_overview_run manual__2026-09-04T12:18:10.300530+00:00 [queued]>
[2026-09-04T12:18:22.896+0000] {taskinstance.py:2076} INFO - Dependencies all met for dep_context=requeueable deps ti=<TaskInstance: financial_fundamental_pipeline.dbt_stg_overview.stg_overview_run manual__2026-09-04T12:18:10.300530+00:00 [queued]>
[2026-09-04T12:18:22.898+0000] {taskinstance.py:2306} INFO - Starting attempt 1 of 1
[2026-09-04T12:18:22.918+0000] {taskinstance.py:2330} INFO - Executing <Task(DbtRunLocalOperator): dbt_stg_overview.stg_overview_run> on 2026-09-04 12:18:10.300530+00:00
[2026-09-04T12:18:22.955+0000] {standard_task_runner.py:64} INFO - Started process 310 to run task
[2026-09-04T12:18:23.046+0000] {standard_task_runner.py:90} INFO - Running: ['***', 'tasks', 'run', 'financial_fundamental_pipeline', 'dbt_stg_overview.stg_overview_run', 'manual__2026-09-04T12:18:10.300530+00:00', '--job-id', '8', '--raw', '--subdir', 'DAGS_FOLDER/financial_pipeline_dag.py', '--cfg-path', '/tmp/tmpilbgdatq']
[2026-09-04T12:18:23.102+0000] {standard_task_runner.py:91} INFO - Job 8: Subtask dbt_stg_overview.stg_overview_run
[2026-09-04T12:18:23.604+0000] {task_command.py:426} INFO - Running <TaskInstance: financial_fundamental_pipeline.dbt_stg_overview.stg_overview_run manual__2026-09-04T12:18:10.300530+00:00 [running]> on host bb200bb02a9f
[2026-09-04T12:18:24.280+0000] {taskinstance.py:2648} INFO - Exporting env vars: AIRFLOW_CTX_DAG_OWNER='***' AIRFLOW_CTX_DAG_ID='financial_fundamental_pipeline' AIRFLOW_CTX_TASK_ID='dbt_stg_overview.stg_overview_run' AIRFLOW_CTX_EXECUTION_DATE='2026-09-04T12:18:10.300530+00:00' AIRFLOW_CTX_TRY_NUMBER='1' AIRFLOW_CTX_DAG_RUN_ID='manual__2026-09-04T12:18:10.300530+00:00'
[2026-09-04T12:18:24.284+0000] {taskinstance.py:430} INFO - ::endgroup::
[2026-09-04T12:18:29.336+0000] {local.py:220} INFO - dbtRunner is available. Using dbtRunner for invoking dbt.
[2026-09-04T12:18:29.338+0000] {local.py:436} INFO - Cloning project to writable temp directory /tmp/tmpj64ewcsu from /opt/airflow/src/transformations
[2026-09-04T12:18:29.342+0000] {local.py:447} INFO - Partial parse is enabled and the latest partial parse file is /opt/airflow/src/transformations/target/partial_parse.msgpack
[2026-09-04T12:18:29.584+0000] {config.py:344} INFO - Using user-supplied profiles.yml at /opt/***/src/transformations/profiles.yml
[2026-09-04T12:18:29.586+0000] {local.py:408} INFO - Trying to run dbtRunner with:
 ['run', '--models', 'stg_overview', '--project-dir', '/tmp/tmpj64ewcsu', '--profiles-dir', '/opt/***/src/transformations', '--profile', 'transformations', '--target', 'dev']
 in /tmp/tmpj64ewcsu
[2026-09-04T12:18:29.728+0000] {logging_mixin.py:188} INFO - 12:18:29  Running with dbt=1.10.8
[2026-09-04T12:18:29.733+0000] {logging_mixin.py:188} INFO - 12:18:29  [WARNING]: Deprecated functionality
Usage of `--models`, `--model`, and `-m` is deprecated in favor of `--select` or
`-s`.
[2026-09-04T12:18:42.907+0000] {logging_mixin.py:188} WARNING - /home/***/.local/lib/python3.11/site-packages/google/cloud/aiplatform/models.py:52 FutureWarning: Support for google-cloud-storage < 3.0.0 will be removed in a future version of google-cloud-aiplatform. Please upgrade to google-cloud-storage >= 3.0.0.
[2026-09-04T12:18:44.987+0000] {logging_mixin.py:188} INFO - 12:18:44  Registered adapter: bigquery=1.10.3
[2026-09-04T12:19:01.191+0000] {logging_mixin.py:188} INFO - 12:19:01  No external sources selected
[2026-09-04T12:19:02.354+0000] {logging_mixin.py:188} INFO - 12:19:02  [WARNING][MissingArgumentsPropertyInGenericTestDeprecation]: Deprecated
functionality
Found top-level arguments to test `dbt_utils.unique_combination_of_columns`.
Arguments to generic tests should be nested under the `arguments` property.`
[2026-09-04T12:19:06.583+0000] {logging_mixin.py:188} INFO - 12:19:06  Found 8 models, 6 seeds, 1 operation, 14 data tests, 5 sources, 696 macros
[2026-09-04T12:19:06.595+0000] {logging_mixin.py:188} INFO - 12:19:06
[2026-09-04T12:19:06.607+0000] {logging_mixin.py:188} INFO - 12:19:06  Concurrency: 4 threads (target='dev')
[2026-09-04T12:19:06.616+0000] {logging_mixin.py:188} INFO - 12:19:06
[2026-09-04T12:19:09.873+0000] {logging_mixin.py:188} INFO - 12:19:09  1 of 5 START external source alphavantage.ext_overview
[2026-09-04T12:19:09.908+0000] {logging_mixin.py:188} INFO - 12:19:09  1 of 5 SKIP
[2026-09-04T12:19:11.925+0000] {logging_mixin.py:188} INFO - 12:19:11  2 of 5 START external source alphavantage.ext_balance_sheet
[2026-09-04T12:19:11.940+0000] {logging_mixin.py:188} INFO - 12:19:11  2 of 5 SKIP
[2026-09-04T12:19:12.727+0000] {logging_mixin.py:188} INFO - 12:19:12  3 of 5 START external source alphavantage.ext_cash_flow
[2026-09-04T12:19:12.735+0000] {logging_mixin.py:188} INFO - 12:19:12  3 of 5 SKIP
[2026-09-04T12:19:13.550+0000] {logging_mixin.py:188} INFO - 12:19:13  4 of 5 START external source alphavantage.ext_income_statement
[2026-09-04T12:19:13.554+0000] {logging_mixin.py:188} INFO - 12:19:13  4 of 5 SKIP
[2026-09-04T12:19:14.357+0000] {logging_mixin.py:188} INFO - 12:19:14  5 of 5 START external source alphavantage.ext_earning
[2026-09-04T12:19:14.360+0000] {logging_mixin.py:188} INFO - 12:19:14  5 of 5 SKIP
[2026-09-04T12:19:15.114+0000] {logging_mixin.py:188} INFO - 12:19:15  1 of 1 START hook: transformations.on-run-start.0 .............................. [RUN]
[2026-09-04T12:19:15.117+0000] {logging_mixin.py:188} INFO - 12:19:15  1 of 1 OK hook: transformations.on-run-start.0 ................................. [OK in 5.28s]
[2026-09-04T12:19:15.126+0000] {logging_mixin.py:188} INFO - 12:19:15
[2026-09-04T12:19:15.217+0000] {logging_mixin.py:188} INFO - 12:19:15  1 of 1 START sql view model alphavantage.stg_overview .......................... [RUN]
[2026-09-04T12:19:17.462+0000] {logging_mixin.py:188} INFO - 12:19:17  BigQuery adapter: https://console.cloud.google.com/bigquery?project=projetodbt-479518&j=bq:US:f94de03f-80db-4b6c-8d7e-28d8d6f2c730&page=queryresults
[2026-09-04T12:19:17.515+0000] {logging_mixin.py:188} INFO - 12:19:17  1 of 1 ERROR creating sql view model alphavantage.stg_overview ................. [ERROR in 2.29s]
[2026-09-04T12:19:17.623+0000] {logging_mixin.py:188} INFO - 12:19:17
[2026-09-04T12:19:17.627+0000] {logging_mixin.py:188} INFO - 12:19:17  Finished running 1 project hook, 1 view model in 0 hours 0 minutes and 11.00 seconds (11.00s).
[2026-09-04T12:19:18.221+0000] {logging_mixin.py:188} INFO - 12:19:18
[2026-09-04T12:19:18.233+0000] {logging_mixin.py:188} INFO - 12:19:18  Completed with 1 error, 0 partial successes, and 0 warnings:
[2026-09-04T12:19:18.236+0000] {logging_mixin.py:188} INFO - 12:19:18
[2026-09-04T12:19:18.242+0000] {logging_mixin.py:188} INFO - 12:19:18  Failure in model stg_overview (models/staging/stg_overview.sql)
[2026-09-04T12:19:18.248+0000] {logging_mixin.py:188} INFO - 12:19:18    Database Error in model stg_overview (models/staging/stg_overview.sql)
  Syntax error: Illegal input character "\357" at [8:6]
  compiled code at target/run/transformations/models/staging/stg_overview.sql
[2026-09-04T12:19:18.255+0000] {logging_mixin.py:188} INFO - 12:19:18
[2026-09-04T12:19:18.270+0000] {logging_mixin.py:188} INFO - 12:19:18    compiled code at target/compiled/transformations/models/staging/stg_overview.sql
[2026-09-04T12:19:18.278+0000] {logging_mixin.py:188} INFO - 12:19:18
[2026-09-04T12:19:18.282+0000] {logging_mixin.py:188} INFO - 12:19:18  Done. PASS=1 WARN=0 ERROR=1 SKIP=0 NO-OP=0 TOTAL=2
[2026-09-04T12:19:18.299+0000] {logging_mixin.py:188} INFO - 12:19:18  [WARNING][DeprecationsSummary]: Deprecated functionality
Summary of encountered deprecations:
- ModelParamUsageDeprecation: 1 occurrence
- MissingArgumentsPropertyInGenericTestDeprecation: 2 occurrences
To see all deprecation instances instead of just the first occurrence of each,
run command again with the `--show-all-deprecations` flag. You may also need to
run with `--no-partial-parse` as some deprecations are only encountered during
parsing.
[2026-09-04T12:19:19.612+0000] {local.py:196} WARNING - Artifact schema version: https://schemas.getdbt.com/dbt/manifest/v12.json is above dbt-ol supported version 7. This might cause errors.
[2026-09-04T12:19:19.613+0000] {local.py:196} WARNING - Artifact schema version: https://schemas.getdbt.com/dbt/run-results/v6.json is above dbt-ol supported version 5. This might cause errors.
[2026-09-04T12:19:19.960+0000] {taskinstance.py:441} INFO - ::group::Post task execution logs
[2026-09-04T12:19:20.046+0000] {taskinstance.py:2905} ERROR - Task failed with exception
Traceback (most recent call last):
  File "/home/airflow/.local/lib/python3.11/site-packages/airflow/models/taskinstance.py", line 465, in _execute_task
    result = _execute_callable(context=context, **execute_callable_kwargs)
             ^^^^^^^^^^^^^^^^^^^^^^^^^^^^^^^^^^^^^^^^^^^^^^^^^^^^^^^^^^^^^
  File "/home/airflow/.local/lib/python3.11/site-packages/airflow/models/taskinstance.py", line 432, in _execute_callable
    return execute_callable(context=context, **execute_callable_kwargs)
           ^^^^^^^^^^^^^^^^^^^^^^^^^^^^^^^^^^^^^^^^^^^^^^^^^^^^^^^^^^^^
  File "/home/airflow/.local/lib/python3.11/site-packages/airflow/models/baseoperator.py", line 401, in wrapper
    return func(self, *args, **kwargs)
           ^^^^^^^^^^^^^^^^^^^^^^^^^^^
  File "/home/airflow/.local/lib/python3.11/site-packages/cosmos/operators/base.py", line 268, in execute
    self.build_and_run_cmd(context=context, cmd_flags=self.add_cmd_flags())
  File "/home/airflow/.local/lib/python3.11/site-packages/cosmos/operators/local.py", line 654, in build_and_run_cmd
    result = self.run_command(cmd=dbt_cmd, env=env, context=context)
             ^^^^^^^^^^^^^^^^^^^^^^^^^^^^^^^^^^^^^^^^^^^^^^^^^^^^^^^
  File "/home/airflow/.local/lib/python3.11/site-packages/cosmos/operators/local.py", line 509, in run_command
    self.handle_exception(result)
  File "/home/airflow/.local/lib/python3.11/site-packages/cosmos/operators/local.py", line 237, in handle_exception_dbt_runner
    raise AirflowException(f"dbt invocation completed with errors: {error_message}")
airflow.exceptions.AirflowException: dbt invocation completed with errors: stg_overview: Database Error in model stg_overview (models/staging/stg_overview.sql)
  Syntax error: Illegal input character "\357" at [8:6]
  compiled code at target/run/transformations/models/staging/stg_overview.sql
[2026-09-04T12:19:20.065+0000] {taskinstance.py:1206} INFO - Marking task as FAILED. dag_id=financial_fundamental_pipeline, task_id=dbt_stg_overview.stg_overview_run, run_id=manual__2026-09-04T12:18:10.300530+00:00, execution_date=20260904T121810, start_date=20260904T121822, end_date=20260904T121920
[2026-09-04T12:19:20.091+0000] {standard_task_runner.py:110} ERROR - Failed to execute job 8 for task dbt_stg_overview.stg_overview_run (dbt invocation completed with errors: stg_overview: Database Error in model stg_overview (models/staging/stg_overview.sql)
  Syntax error: Illegal input character "\357" at [8:6]
  compiled code at target/run/transformations/models/staging/stg_overview.sql; 310)
[2026-09-04T12:19:20.264+0000] {local_task_job_runner.py:243} INFO - Task exited with return code 1
[2026-09-04T12:19:20.938+0000] {taskinstance.py:3503} INFO - 0 downstream tasks scheduled from follow-on schedule check
[2026-09-04T12:19:20.949+0000] {local_task_job_runner.py:222} INFO - ::endgroup::
