[2026-09-04T12:19:02.306+0000] {local_task_job_runner.py:120} INFO - ::group::Pre task execution logs
[2026-09-04T12:19:02.453+0000] {taskinstance.py:2076} INFO - Dependencies all met for dep_context=non-requeueable deps ti=<TaskInstance: financial_fundamental_pipeline.dbt_stg_cash_flow.stg_cash_flow_run scheduled__2026-09-03T06:00:00+00:00 [queued]>
[2026-09-04T12:19:02.507+0000] {taskinstance.py:2076} INFO - Dependencies all met for dep_context=requeueable deps ti=<TaskInstance: financial_fundamental_pipeline.dbt_stg_cash_flow.stg_cash_flow_run scheduled__2026-09-03T06:00:00+00:00 [queued]>
[2026-09-04T12:19:02.508+0000] {taskinstance.py:2306} INFO - Starting attempt 1 of 1
[2026-09-04T12:19:02.572+0000] {taskinstance.py:2330} INFO - Executing <Task(DbtRunLocalOperator): dbt_stg_cash_flow.stg_cash_flow_run> on 2026-09-03 06:00:00+00:00
[2026-09-04T12:19:02.630+0000] {standard_task_runner.py:64} INFO - Started process 369 to run task
[2026-09-04T12:19:02.747+0000] {standard_task_runner.py:90} INFO - Running: ['***', 'tasks', 'run', 'financial_fundamental_pipeline', 'dbt_stg_cash_flow.stg_cash_flow_run', 'scheduled__2026-09-03T06:00:00+00:00', '--job-id', '18', '--raw', '--subdir', 'DAGS_FOLDER/financial_pipeline_dag.py', '--cfg-path', '/tmp/tmplvk2zd9k']
[2026-09-04T12:19:02.777+0000] {standard_task_runner.py:91} INFO - Job 18: Subtask dbt_stg_cash_flow.stg_cash_flow_run
[2026-09-04T12:19:04.043+0000] {task_command.py:426} INFO - Running <TaskInstance: financial_fundamental_pipeline.dbt_stg_cash_flow.stg_cash_flow_run scheduled__2026-09-03T06:00:00+00:00 [running]> on host bb200bb02a9f
[2026-09-04T12:19:04.899+0000] {taskinstance.py:2648} INFO - Exporting env vars: AIRFLOW_CTX_DAG_OWNER='***' AIRFLOW_CTX_DAG_ID='financial_fundamental_pipeline' AIRFLOW_CTX_TASK_ID='dbt_stg_cash_flow.stg_cash_flow_run' AIRFLOW_CTX_EXECUTION_DATE='2026-09-03T06:00:00+00:00' AIRFLOW_CTX_TRY_NUMBER='1' AIRFLOW_CTX_DAG_RUN_ID='scheduled__2026-09-03T06:00:00+00:00'
[2026-09-04T12:19:04.920+0000] {taskinstance.py:430} INFO - ::endgroup::
[2026-09-04T12:19:11.397+0000] {local.py:220} INFO - dbtRunner is available. Using dbtRunner for invoking dbt.
[2026-09-04T12:19:11.398+0000] {local.py:436} INFO - Cloning project to writable temp directory /tmp/tmpdziy_f08 from /opt/airflow/src/transformations
[2026-09-04T12:19:11.422+0000] {local.py:447} INFO - Partial parse is enabled and the latest partial parse file is /opt/airflow/src/transformations/target/partial_parse.msgpack
[2026-09-04T12:19:11.611+0000] {config.py:344} INFO - Using user-supplied profiles.yml at /opt/***/src/transformations/profiles.yml
[2026-09-04T12:19:11.612+0000] {local.py:408} INFO - Trying to run dbtRunner with:
 ['run', '--models', 'stg_cash_flow', '--project-dir', '/tmp/tmpdziy_f08', '--profiles-dir', '/opt/***/src/transformations', '--profile', 'transformations', '--target', 'dev']
 in /tmp/tmpdziy_f08
[2026-09-04T12:19:11.771+0000] {logging_mixin.py:188} INFO - 12:19:11  Running with dbt=1.10.8
[2026-09-04T12:19:11.775+0000] {logging_mixin.py:188} INFO - 12:19:11  [WARNING]: Deprecated functionality
Usage of `--models`, `--model`, and `-m` is deprecated in favor of `--select` or
`-s`.
[2026-09-04T12:19:22.824+0000] {logging_mixin.py:188} WARNING - /home/***/.local/lib/python3.11/site-packages/google/cloud/aiplatform/models.py:52 FutureWarning: Support for google-cloud-storage < 3.0.0 will be removed in a future version of google-cloud-aiplatform. Please upgrade to google-cloud-storage >= 3.0.0.
[2026-09-04T12:19:24.427+0000] {logging_mixin.py:188} INFO - 12:19:24  Registered adapter: bigquery=1.10.3
[2026-09-04T12:19:37.366+0000] {logging_mixin.py:188} INFO - 12:19:37  No external sources selected
[2026-09-04T12:19:38.106+0000] {logging_mixin.py:188} INFO - 12:19:38  [WARNING][MissingArgumentsPropertyInGenericTestDeprecation]: Deprecated
functionality
Found top-level arguments to test `dbt_utils.unique_combination_of_columns`.
Arguments to generic tests should be nested under the `arguments` property.`
[2026-09-04T12:19:39.989+0000] {logging_mixin.py:188} INFO - 12:19:39  Found 8 models, 6 seeds, 1 operation, 14 data tests, 5 sources, 696 macros
[2026-09-04T12:19:39.995+0000] {logging_mixin.py:188} INFO - 12:19:39
[2026-09-04T12:19:39.996+0000] {logging_mixin.py:188} INFO - 12:19:39  Concurrency: 4 threads (target='dev')
[2026-09-04T12:19:39.998+0000] {logging_mixin.py:188} INFO - 12:19:39
[2026-09-04T12:19:42.578+0000] {logging_mixin.py:188} INFO - 12:19:42  1 of 5 START external source alphavantage.ext_overview
[2026-09-04T12:19:42.607+0000] {logging_mixin.py:188} INFO - 12:19:42  1 of 5 SKIP
[2026-09-04T12:19:44.139+0000] {logging_mixin.py:188} INFO - 12:19:44  2 of 5 START external source alphavantage.ext_balance_sheet
[2026-09-04T12:19:44.142+0000] {logging_mixin.py:188} INFO - 12:19:44  2 of 5 SKIP
[2026-09-04T12:19:44.991+0000] {logging_mixin.py:188} INFO - 12:19:44  3 of 5 START external source alphavantage.ext_cash_flow
[2026-09-04T12:19:44.994+0000] {logging_mixin.py:188} INFO - 12:19:44  3 of 5 SKIP
[2026-09-04T12:19:45.642+0000] {logging_mixin.py:188} INFO - 12:19:45  4 of 5 START external source alphavantage.ext_income_statement
[2026-09-04T12:19:45.647+0000] {logging_mixin.py:188} INFO - 12:19:45  4 of 5 SKIP
[2026-09-04T12:19:46.404+0000] {logging_mixin.py:188} INFO - 12:19:46  5 of 5 START external source alphavantage.ext_earning
[2026-09-04T12:19:46.407+0000] {logging_mixin.py:188} INFO - 12:19:46  5 of 5 SKIP
[2026-09-04T12:19:47.152+0000] {logging_mixin.py:188} INFO - 12:19:47  1 of 1 START hook: transformations.on-run-start.0 .............................. [RUN]
[2026-09-04T12:19:47.154+0000] {logging_mixin.py:188} INFO - 12:19:47  1 of 1 OK hook: transformations.on-run-start.0 ................................. [OK in 4.60s]
[2026-09-04T12:19:47.155+0000] {logging_mixin.py:188} INFO - 12:19:47
[2026-09-04T12:19:47.172+0000] {logging_mixin.py:188} INFO - 12:19:47  1 of 1 START sql view model alphavantage.stg_cash_flow ......................... [RUN]
[2026-09-04T12:19:59.611+0000] {logging_mixin.py:188} INFO - 12:19:59  1 of 1 OK created sql view model alphavantage.stg_cash_flow .................... [CREATE VIEW (0 processed) in 12.43s]
[2026-09-04T12:19:59.657+0000] {logging_mixin.py:188} INFO - 12:19:59
[2026-09-04T12:19:59.658+0000] {logging_mixin.py:188} INFO - 12:19:59  Finished running 1 project hook, 1 view model in 0 hours 0 minutes and 19.66 seconds (19.66s).
[2026-09-04T12:19:59.719+0000] {logging_mixin.py:188} INFO - 12:19:59
[2026-09-04T12:19:59.721+0000] {logging_mixin.py:188} INFO - 12:19:59  Completed successfully
[2026-09-04T12:19:59.721+0000] {logging_mixin.py:188} INFO - 12:19:59
[2026-09-04T12:19:59.722+0000] {logging_mixin.py:188} INFO - 12:19:59  Done. PASS=2 WARN=0 ERROR=0 SKIP=0 NO-OP=0 TOTAL=2
[2026-09-04T12:19:59.724+0000] {logging_mixin.py:188} INFO - 12:19:59  [WARNING][DeprecationsSummary]: Deprecated functionality
Summary of encountered deprecations:
- ModelParamUsageDeprecation: 1 occurrence
- MissingArgumentsPropertyInGenericTestDeprecation: 2 occurrences
To see all deprecation instances instead of just the first occurrence of each,
run command again with the `--show-all-deprecations` flag. You may also need to
run with `--no-partial-parse` as some deprecations are only encountered during
parsing.
[2026-09-04T12:20:00.428+0000] {local.py:196} WARNING - Artifact schema version: https://schemas.getdbt.com/dbt/manifest/v12.json is above dbt-ol supported version 7. This might cause errors.
[2026-09-04T12:20:00.429+0000] {local.py:196} WARNING - Artifact schema version: https://schemas.getdbt.com/dbt/run-results/v6.json is above dbt-ol supported version 5. This might cause errors.
[2026-09-04T12:20:00.462+0000] {taskinstance.py:441} INFO - ::group::Post task execution logs
[2026-09-04T12:20:00.490+0000] {taskinstance.py:1206} INFO - Marking task as SUCCESS. dag_id=financial_fundamental_pipeline, task_id=dbt_stg_cash_flow.stg_cash_flow_run, run_id=scheduled__2026-09-03T06:00:00+00:00, execution_date=20260903T060000, start_date=20260904T121902, end_date=20260904T122000
[2026-09-04T12:20:00.609+0000] {local_task_job_runner.py:243} INFO - Task exited with return code 0
[2026-09-04T12:20:00.676+0000] {taskinstance.py:3503} INFO - 0 downstream tasks scheduled from follow-on schedule check
[2026-09-04T12:20:00.678+0000] {local_task_job_runner.py:222} INFO - ::endgroup::
