[2026-09-04T12:18:27.043+0000] {local_task_job_runner.py:120} INFO - ::group::Pre task execution logs
[2026-09-04T12:18:27.113+0000] {taskinstance.py:2076} INFO - Dependencies all met for dep_context=non-requeueable deps ti=<TaskInstance: financial_fundamental_pipeline.extract_balance_sheet scheduled__2026-09-03T06:00:00+00:00 [queued]>
[2026-09-04T12:18:27.140+0000] {taskinstance.py:2076} INFO - Dependencies all met for dep_context=requeueable deps ti=<TaskInstance: financial_fundamental_pipeline.extract_balance_sheet scheduled__2026-09-03T06:00:00+00:00 [queued]>
[2026-09-04T12:18:27.141+0000] {taskinstance.py:2306} INFO - Starting attempt 1 of 1
[2026-09-04T12:18:27.185+0000] {taskinstance.py:2330} INFO - Executing <Task(PythonOperator): extract_balance_sheet> on 2026-09-03 06:00:00+00:00
[2026-09-04T12:18:27.234+0000] {standard_task_runner.py:64} INFO - Started process 319 to run task
[2026-09-04T12:18:27.244+0000] {standard_task_runner.py:90} INFO - Running: ['***', 'tasks', 'run', 'financial_fundamental_pipeline', 'extract_balance_sheet', 'scheduled__2026-09-03T06:00:00+00:00', '--job-id', '11', '--raw', '--subdir', 'DAGS_FOLDER/financial_pipeline_dag.py', '--cfg-path', '/tmp/tmpyrztzedb']
[2026-09-04T12:18:27.259+0000] {standard_task_runner.py:91} INFO - Job 11: Subtask extract_balance_sheet
[2026-09-04T12:18:27.423+0000] {task_command.py:426} INFO - Running <TaskInstance: financial_fundamental_pipeline.extract_balance_sheet scheduled__2026-09-03T06:00:00+00:00 [running]> on host bb200bb02a9f
[2026-09-04T12:18:27.608+0000] {taskinstance.py:2648} INFO - Exporting env vars: AIRFLOW_CTX_DAG_OWNER='***' AIRFLOW_CTX_DAG_ID='financial_fundamental_pipeline' AIRFLOW_CTX_TASK_ID='extract_balance_sheet' AIRFLOW_CTX_EXECUTION_DATE='2026-09-03T06:00:00+00:00' AIRFLOW_CTX_TRY_NUMBER='1' AIRFLOW_CTX_DAG_RUN_ID='scheduled__2026-09-03T06:00:00+00:00'
[2026-09-04T12:18:27.613+0000] {taskinstance.py:430} INFO - ::endgroup::
[2026-09-04T12:18:28.443+0000] {logging_mixin.py:188} INFO - Iniciando extração de balance_sheet para 1 símbolos: ['KO']
[2026-09-04T12:18:28.443+0000] {balance_sheet.py:30} INFO - Iniciando extração de balance_sheet para 1 símbolos: ['KO']
[2026-09-04T12:18:30.794+0000] {logging_mixin.py:188} INFO - Validando dados de balance_sheet para KO...
[2026-09-04T12:18:30.794+0000] {balance_sheet.py:53} INFO - Validando dados de balance_sheet para KO...
[2026-09-04T12:18:30.811+0000] {logging_mixin.py:188} INFO - Validação bem-sucedida para KO.
[2026-09-04T12:18:30.811+0000] {balance_sheet.py:91} INFO - Validação bem-sucedida para KO.
[2026-09-04T12:18:30.835+0000] {logging_mixin.py:188} INFO - Arquivo criado: /tmp/balance_sheet_KO_2026-09-04.json (0.1288 MB)
[2026-09-04T12:18:30.835+0000] {balance_sheet.py:105} INFO - Arquivo criado: /tmp/balance_sheet_KO_2026-09-04.json (0.1288 MB)
[2026-09-04T12:18:30.839+0000] {logging_mixin.py:188} INFO - Linhas processadas para KO: 101
[2026-09-04T12:18:30.839+0000] {balance_sheet.py:108} INFO - Linhas processadas para KO: 101
[2026-09-04T12:18:30.853+0000] {logging_mixin.py:188} INFO - Exercício fiscal '2025-12-31' para KO já existe no Data Lake. Upload no GCS ignorado.
[2026-09-04T12:18:30.852+0000] {balance_sheet.py:118} INFO - Exercício fiscal '2025-12-31' para KO já existe no Data Lake. Upload no GCS ignorado.
[2026-09-04T12:18:30.861+0000] {logger.py:71} WARNING - Arquivo de log não encontrado, upload ignorado: extraction.log
[2026-09-04T12:18:30.864+0000] {python.py:237} INFO - Done. Returned value was: []
[2026-09-04T12:18:30.868+0000] {taskinstance.py:441} INFO - ::group::Post task execution logs
[2026-09-04T12:18:30.979+0000] {taskinstance.py:1206} INFO - Marking task as SUCCESS. dag_id=financial_fundamental_pipeline, task_id=extract_balance_sheet, run_id=scheduled__2026-09-03T06:00:00+00:00, execution_date=20260903T060000, start_date=20260904T121827, end_date=20260904T121830
[2026-09-04T12:18:31.060+0000] {local_task_job_runner.py:243} INFO - Task exited with return code 0
[2026-09-04T12:18:31.236+0000] {taskinstance.py:3503} INFO - 2 downstream tasks scheduled from follow-on schedule check
[2026-09-04T12:18:31.244+0000] {local_task_job_runner.py:222} INFO - ::endgroup::
