[2026-09-04T12:18:22.854+0000] {local_task_job_runner.py:120} INFO - ::group::Pre task execution logs
[2026-09-04T12:18:22.906+0000] {taskinstance.py:2076} INFO - Dependencies all met for dep_context=non-requeueable deps ti=<TaskInstance: financial_fundamental_pipeline.extract_income_statement manual__2026-09-04T12:18:10.300530+00:00 [queued]>
[2026-09-04T12:18:22.922+0000] {taskinstance.py:2076} INFO - Dependencies all met for dep_context=requeueable deps ti=<TaskInstance: financial_fundamental_pipeline.extract_income_statement manual__2026-09-04T12:18:10.300530+00:00 [queued]>
[2026-09-04T12:18:22.924+0000] {taskinstance.py:2306} INFO - Starting attempt 1 of 1
[2026-09-04T12:18:22.944+0000] {taskinstance.py:2330} INFO - Executing <Task(PythonOperator): extract_income_statement> on 2026-09-04 12:18:10.300530+00:00
[2026-09-04T12:18:23.007+0000] {standard_task_runner.py:64} INFO - Started process 311 to run task
[2026-09-04T12:18:23.082+0000] {standard_task_runner.py:90} INFO - Running: ['***', 'tasks', 'run', 'financial_fundamental_pipeline', 'extract_income_statement', 'manual__2026-09-04T12:18:10.300530+00:00', '--job-id', '9', '--raw', '--subdir', 'DAGS_FOLDER/financial_pipeline_dag.py', '--cfg-path', '/tmp/tmp1mekwfo8']
[2026-09-04T12:18:23.103+0000] {standard_task_runner.py:91} INFO - Job 9: Subtask extract_income_statement
[2026-09-04T12:18:23.584+0000] {task_command.py:426} INFO - Running <TaskInstance: financial_fundamental_pipeline.extract_income_statement manual__2026-09-04T12:18:10.300530+00:00 [running]> on host bb200bb02a9f
[2026-09-04T12:18:24.144+0000] {taskinstance.py:2648} INFO - Exporting env vars: AIRFLOW_CTX_DAG_OWNER='***' AIRFLOW_CTX_DAG_ID='financial_fundamental_pipeline' AIRFLOW_CTX_TASK_ID='extract_income_statement' AIRFLOW_CTX_EXECUTION_DATE='2026-09-04T12:18:10.300530+00:00' AIRFLOW_CTX_TRY_NUMBER='1' AIRFLOW_CTX_DAG_RUN_ID='manual__2026-09-04T12:18:10.300530+00:00'
[2026-09-04T12:18:24.147+0000] {taskinstance.py:430} INFO - ::endgroup::
[2026-09-04T12:18:24.634+0000] {logging_mixin.py:188} INFO - Iniciando extração de income_statement para 1 símbolos: ['KO']
[2026-09-04T12:18:24.634+0000] {income_statement.py:30} INFO - Iniciando extração de income_statement para 1 símbolos: ['KO']
[2026-09-04T12:18:26.599+0000] {logging_mixin.py:188} INFO - Validando dados de income_statement para KO...
[2026-09-04T12:18:26.599+0000] {income_statement.py:53} INFO - Validando dados de income_statement para KO...
[2026-09-04T12:18:26.615+0000] {logging_mixin.py:188} INFO - Validação bem-sucedida para KO.
[2026-09-04T12:18:26.615+0000] {income_statement.py:91} INFO - Validação bem-sucedida para KO.
[2026-09-04T12:18:26.631+0000] {logging_mixin.py:188} INFO - Arquivo criado: /tmp/income_statement_KO_2026-09-04.json (0.0804 MB)
[2026-09-04T12:18:26.631+0000] {income_statement.py:105} INFO - Arquivo criado: /tmp/income_statement_KO_2026-09-04.json (0.0804 MB)
[2026-09-04T12:18:26.634+0000] {logging_mixin.py:188} INFO - Linhas processadas para KO: 101
[2026-09-04T12:18:26.634+0000] {income_statement.py:108} INFO - Linhas processadas para KO: 101
[2026-09-04T12:18:26.637+0000] {logging_mixin.py:188} INFO - Exercício fiscal '2025-12-31' para KO já existe no Data Lake. Upload no GCS ignorado.
[2026-09-04T12:18:26.636+0000] {income_statement.py:118} INFO - Exercício fiscal '2025-12-31' para KO já existe no Data Lake. Upload no GCS ignorado.
[2026-09-04T12:18:26.639+0000] {logger.py:71} WARNING - Arquivo de log não encontrado, upload ignorado: extraction.log
[2026-09-04T12:18:26.641+0000] {python.py:237} INFO - Done. Returned value was: []
[2026-09-04T12:18:26.642+0000] {taskinstance.py:441} INFO - ::group::Post task execution logs
[2026-09-04T12:18:26.800+0000] {taskinstance.py:1206} INFO - Marking task as SUCCESS. dag_id=financial_fundamental_pipeline, task_id=extract_income_statement, run_id=manual__2026-09-04T12:18:10.300530+00:00, execution_date=20260904T121810, start_date=20260904T121822, end_date=20260904T121826
[2026-09-04T12:18:26.861+0000] {local_task_job_runner.py:243} INFO - Task exited with return code 0
[2026-09-04T12:18:26.982+0000] {taskinstance.py:3503} INFO - 2 downstream tasks scheduled from follow-on schedule check
[2026-09-04T12:18:26.985+0000] {local_task_job_runner.py:222} INFO - ::endgroup::
