[2026-09-04T12:18:43.340+0000] {local_task_job_runner.py:120} INFO - ::group::Pre task execution logs
[2026-09-04T12:18:43.408+0000] {taskinstance.py:2076} INFO - Dependencies all met for dep_context=non-requeueable deps ti=<TaskInstance: financial_fundamental_pipeline.extract_cash_flow manual__2026-09-04T12:18:10.300530+00:00 [queued]>
[2026-09-04T12:18:43.432+0000] {taskinstance.py:2076} INFO - Dependencies all met for dep_context=requeueable deps ti=<TaskInstance: financial_fundamental_pipeline.extract_cash_flow manual__2026-09-04T12:18:10.300530+00:00 [queued]>
[2026-09-04T12:18:43.433+0000] {taskinstance.py:2306} INFO - Starting attempt 1 of 1
[2026-09-04T12:18:43.540+0000] {taskinstance.py:2330} INFO - Executing <Task(PythonOperator): extract_cash_flow> on 2026-09-04 12:18:10.300530+00:00
[2026-09-04T12:18:43.615+0000] {standard_task_runner.py:64} INFO - Started process 337 to run task
[2026-09-04T12:18:43.653+0000] {standard_task_runner.py:90} INFO - Running: ['***', 'tasks', 'run', 'financial_fundamental_pipeline', 'extract_cash_flow', 'manual__2026-09-04T12:18:10.300530+00:00', '--job-id', '17', '--raw', '--subdir', 'DAGS_FOLDER/financial_pipeline_dag.py', '--cfg-path', '/tmp/tmplbiytq3i']
[2026-09-04T12:18:43.667+0000] {standard_task_runner.py:91} INFO - Job 17: Subtask extract_cash_flow
[2026-09-04T12:18:44.067+0000] {task_command.py:426} INFO - Running <TaskInstance: financial_fundamental_pipeline.extract_cash_flow manual__2026-09-04T12:18:10.300530+00:00 [running]> on host bb200bb02a9f
[2026-09-04T12:18:44.440+0000] {taskinstance.py:2648} INFO - Exporting env vars: AIRFLOW_CTX_DAG_OWNER='***' AIRFLOW_CTX_DAG_ID='financial_fundamental_pipeline' AIRFLOW_CTX_TASK_ID='extract_cash_flow' AIRFLOW_CTX_EXECUTION_DATE='2026-09-04T12:18:10.300530+00:00' AIRFLOW_CTX_TRY_NUMBER='1' AIRFLOW_CTX_DAG_RUN_ID='manual__2026-09-04T12:18:10.300530+00:00'
[2026-09-04T12:18:44.459+0000] {taskinstance.py:430} INFO - ::endgroup::
[2026-09-04T12:18:45.449+0000] {logging_mixin.py:188} INFO - Iniciando extração de cash_flow para 1 símbolos: ['KO']
[2026-09-04T12:18:45.449+0000] {cash_flow.py:30} INFO - Iniciando extração de cash_flow para 1 símbolos: ['KO']
[2026-09-04T12:18:48.226+0000] {logging_mixin.py:188} INFO - Validando dados de cash_flow para KO...
[2026-09-04T12:18:48.226+0000] {cash_flow.py:53} INFO - Validando dados de cash_flow para KO...
[2026-09-04T12:18:48.231+0000] {logging_mixin.py:188} INFO - Validação bem-sucedida para KO.
[2026-09-04T12:18:48.231+0000] {cash_flow.py:91} INFO - Validação bem-sucedida para KO.
[2026-09-04T12:18:48.247+0000] {logging_mixin.py:188} INFO - Arquivo criado: /tmp/cash_flow_KO_2026-09-04.json (0.1143 MB)
[2026-09-04T12:18:48.247+0000] {cash_flow.py:105} INFO - Arquivo criado: /tmp/cash_flow_KO_2026-09-04.json (0.1143 MB)
[2026-09-04T12:18:48.250+0000] {logging_mixin.py:188} INFO - Linhas processadas para KO: 101
[2026-09-04T12:18:48.250+0000] {cash_flow.py:108} INFO - Linhas processadas para KO: 101
[2026-09-04T12:18:48.252+0000] {logging_mixin.py:188} INFO - Exercício fiscal '2025-12-31' para KO já existe no Data Lake. Upload no GCS ignorado.
[2026-09-04T12:18:48.252+0000] {cash_flow.py:118} INFO - Exercício fiscal '2025-12-31' para KO já existe no Data Lake. Upload no GCS ignorado.
[2026-09-04T12:18:48.256+0000] {logger.py:71} WARNING - Arquivo de log não encontrado, upload ignorado: extraction.log
[2026-09-04T12:18:48.257+0000] {python.py:237} INFO - Done. Returned value was: []
[2026-09-04T12:18:48.257+0000] {taskinstance.py:441} INFO - ::group::Post task execution logs
[2026-09-04T12:18:48.340+0000] {taskinstance.py:1206} INFO - Marking task as SUCCESS. dag_id=financial_fundamental_pipeline, task_id=extract_cash_flow, run_id=manual__2026-09-04T12:18:10.300530+00:00, execution_date=20260904T121810, start_date=20260904T121843, end_date=20260904T121848
[2026-09-04T12:18:48.395+0000] {local_task_job_runner.py:243} INFO - Task exited with return code 0
[2026-09-04T12:18:48.539+0000] {taskinstance.py:3503} INFO - 2 downstream tasks scheduled from follow-on schedule check
[2026-09-04T12:18:48.544+0000] {local_task_job_runner.py:222} INFO - ::endgroup::
