[2026-09-04T12:20:01.622+0000] {local_task_job_runner.py:120} INFO - ::group::Pre task execution logs
[2026-09-04T12:20:01.648+0000] {taskinstance.py:2076} INFO - Dependencies all met for dep_context=non-requeueable deps ti=<TaskInstance: financial_fundamental_pipeline.dbt_int_financial.int_financial_metrics.run scheduled__2026-09-03T06:00:00+00:00 [queued]>
[2026-09-04T12:20:01.658+0000] {taskinstance.py:2076} INFO - Dependencies all met for dep_context=requeueable deps ti=<TaskInstance: financial_fundamental_pipeline.dbt_int_financial.int_financial_metrics.run scheduled__2026-09-03T06:00:00+00:00 [queued]>
[2026-09-04T12:20:01.659+0000] {taskinstance.py:2306} INFO - Starting attempt 1 of 1
[2026-09-04T12:20:01.675+0000] {taskinstance.py:2330} INFO - Executing <Task(DbtRunLocalOperator): dbt_int_financial.int_financial_metrics.run> on 2026-09-03 06:00:00+00:00
[2026-09-04T12:20:01.684+0000] {standard_task_runner.py:64} INFO - Started process 614 to run task
[2026-09-04T12:20:01.689+0000] {standard_task_runner.py:90} INFO - Running: ['***', 'tasks', 'run', 'financial_fundamental_pipeline', 'dbt_int_financial.int_financial_metrics.run', 'scheduled__2026-09-03T06:00:00+00:00', '--job-id', '25', '--raw', '--subdir', 'DAGS_FOLDER/financial_pipeline_dag.py', '--cfg-path', '/tmp/tmpme4hmp14']
[2026-09-04T12:20:01.694+0000] {standard_task_runner.py:91} INFO - Job 25: Subtask dbt_int_financial.int_financial_metrics.run
[2026-09-04T12:20:01.806+0000] {task_command.py:426} INFO - Running <TaskInstance: financial_fundamental_pipeline.dbt_int_financial.int_financial_metrics.run scheduled__2026-09-03T06:00:00+00:00 [running]> on host bb200bb02a9f
[2026-09-04T12:20:01.952+0000] {taskinstance.py:2648} INFO - Exporting env vars: AIRFLOW_CTX_DAG_OWNER='***' AIRFLOW_CTX_DAG_ID='financial_fundamental_pipeline' AIRFLOW_CTX_TASK_ID='dbt_int_financial.int_financial_metrics.run' AIRFLOW_CTX_EXECUTION_DATE='2026-09-03T06:00:00+00:00' AIRFLOW_CTX_TRY_NUMBER='1' AIRFLOW_CTX_DAG_RUN_ID='scheduled__2026-09-03T06:00:00+00:00'
[2026-09-04T12:20:01.955+0000] {taskinstance.py:430} INFO - ::endgroup::
[2026-09-04T12:20:04.074+0000] {local.py:220} INFO - dbtRunner is available. Using dbtRunner for invoking dbt.
[2026-09-04T12:20:04.075+0000] {local.py:436} INFO - Cloning project to writable temp directory /tmp/tmpagwuoeys from /opt/airflow/src/transformations
[2026-09-04T12:20:04.078+0000] {local.py:447} INFO - Partial parse is enabled and the latest partial parse file is /opt/airflow/src/transformations/target/partial_parse.msgpack
[2026-09-04T12:20:04.117+0000] {config.py:344} INFO - Using user-supplied profiles.yml at /opt/***/src/transformations/profiles.yml
[2026-09-04T12:20:04.118+0000] {local.py:408} INFO - Trying to run dbtRunner with:
 ['run', '--models', 'int_financial_metrics', '--project-dir', '/tmp/tmpagwuoeys', '--profiles-dir', '/opt/***/src/transformations', '--profile', 'transformations', '--target', 'dev']
 in /tmp/tmpagwuoeys
[2026-09-04T12:20:04.211+0000] {logging_mixin.py:188} INFO - 12:20:04  Running with dbt=1.10.8
[2026-09-04T12:20:04.213+0000] {logging_mixin.py:188} INFO - 12:20:04  [WARNING]: Deprecated functionality
Usage of `--models`, `--model`, and `-m` is deprecated in favor of `--select` or
`-s`.
[2026-09-04T12:20:06.676+0000] {logging_mixin.py:188} WARNING - /home/***/.local/lib/python3.11/site-packages/google/cloud/aiplatform/models.py:52 FutureWarning: Support for google-cloud-storage < 3.0.0 will be removed in a future version of google-cloud-aiplatform. Please upgrade to google-cloud-storage >= 3.0.0.
[2026-09-04T12:20:07.194+0000] {logging_mixin.py:188} INFO - 12:20:07  Registered adapter: bigquery=1.10.3
[2026-09-04T12:20:12.691+0000] {logging_mixin.py:188} INFO - 12:20:12  No external sources selected
[2026-09-04T12:20:12.998+0000] {logging_mixin.py:188} INFO - 12:20:12  [WARNING][MissingArgumentsPropertyInGenericTestDeprecation]: Deprecated
functionality
Found top-level arguments to test `dbt_utils.unique_combination_of_columns`.
Arguments to generic tests should be nested under the `arguments` property.`
[2026-09-04T12:20:13.931+0000] {logging_mixin.py:188} INFO - 12:20:13  Found 8 models, 6 seeds, 1 operation, 14 data tests, 5 sources, 696 macros
[2026-09-04T12:20:13.936+0000] {logging_mixin.py:188} INFO - 12:20:13
[2026-09-04T12:20:13.937+0000] {logging_mixin.py:188} INFO - 12:20:13  Concurrency: 4 threads (target='dev')
[2026-09-04T12:20:13.939+0000] {logging_mixin.py:188} INFO - 12:20:13
[2026-09-04T12:20:16.005+0000] {logging_mixin.py:188} INFO - 12:20:16  1 of 5 START external source alphavantage.ext_overview
[2026-09-04T12:20:16.015+0000] {logging_mixin.py:188} INFO - 12:20:16  1 of 5 SKIP
[2026-09-04T12:20:17.693+0000] {logging_mixin.py:188} INFO - 12:20:17  2 of 5 START external source alphavantage.ext_balance_sheet
[2026-09-04T12:20:17.695+0000] {logging_mixin.py:188} INFO - 12:20:17  2 of 5 SKIP
[2026-09-04T12:20:18.432+0000] {logging_mixin.py:188} INFO - 12:20:18  3 of 5 START external source alphavantage.ext_cash_flow
[2026-09-04T12:20:18.435+0000] {logging_mixin.py:188} INFO - 12:20:18  3 of 5 SKIP
[2026-09-04T12:20:19.248+0000] {logging_mixin.py:188} INFO - 12:20:19  4 of 5 START external source alphavantage.ext_income_statement
[2026-09-04T12:20:19.250+0000] {logging_mixin.py:188} INFO - 12:20:19  4 of 5 SKIP
[2026-09-04T12:20:19.998+0000] {logging_mixin.py:188} INFO - 12:20:19  5 of 5 START external source alphavantage.ext_earning
[2026-09-04T12:20:20.000+0000] {logging_mixin.py:188} INFO - 12:20:20  5 of 5 SKIP
[2026-09-04T12:20:20.807+0000] {logging_mixin.py:188} INFO - 12:20:20  1 of 1 START hook: transformations.on-run-start.0 .............................. [RUN]
[2026-09-04T12:20:20.808+0000] {logging_mixin.py:188} INFO - 12:20:20  1 of 1 OK hook: transformations.on-run-start.0 ................................. [OK in 4.81s]
[2026-09-04T12:20:20.809+0000] {logging_mixin.py:188} INFO - 12:20:20
[2026-09-04T12:20:20.825+0000] {logging_mixin.py:188} INFO - 12:20:20  1 of 1 START sql incremental model alphavantage.int_financial_metrics .......... [RUN]
[2026-09-04T12:20:23.334+0000] {logging_mixin.py:188} INFO - 12:20:23  BigQuery adapter: https://console.cloud.google.com/bigquery?project=projetodbt-479518&j=bq:US:41e7caa7-5311-450d-8f89-14ac6ce6b816&page=queryresults
[2026-09-04T12:20:23.342+0000] {logging_mixin.py:188} INFO - 12:20:23  1 of 1 ERROR creating sql incremental model alphavantage.int_financial_metrics . [ERROR in 2.51s]
[2026-09-04T12:20:23.384+0000] {logging_mixin.py:188} INFO - 12:20:23
[2026-09-04T12:20:23.385+0000] {logging_mixin.py:188} INFO - 12:20:23  Finished running 1 incremental model, 1 project hook in 0 hours 0 minutes and 9.44 seconds (9.44s).
[2026-09-04T12:20:23.437+0000] {logging_mixin.py:188} INFO - 12:20:23
[2026-09-04T12:20:23.438+0000] {logging_mixin.py:188} INFO - 12:20:23  Completed with 1 error, 0 partial successes, and 0 warnings:
[2026-09-04T12:20:23.439+0000] {logging_mixin.py:188} INFO - 12:20:23
[2026-09-04T12:20:23.441+0000] {logging_mixin.py:188} INFO - 12:20:23  Failure in model int_financial_metrics (models/intermediate/int_financial_metrics.sql)
[2026-09-04T12:20:23.441+0000] {logging_mixin.py:188} INFO - 12:20:23    Database Error in model int_financial_metrics (models/intermediate/int_financial_metrics.sql)
  Unrecognized name: report_type at [26:11]
  compiled code at target/run/transformations/models/intermediate/int_financial_metrics.sql
[2026-09-04T12:20:23.442+0000] {logging_mixin.py:188} INFO - 12:20:23
[2026-09-04T12:20:23.443+0000] {logging_mixin.py:188} INFO - 12:20:23    compiled code at target/compiled/transformations/models/intermediate/int_financial_metrics.sql
[2026-09-04T12:20:23.443+0000] {logging_mixin.py:188} INFO - 12:20:23
[2026-09-04T12:20:23.444+0000] {logging_mixin.py:188} INFO - 12:20:23  Done. PASS=1 WARN=0 ERROR=1 SKIP=0 NO-OP=0 TOTAL=2
[2026-09-04T12:20:23.445+0000] {logging_mixin.py:188} INFO - 12:20:23  [WARNING][DeprecationsSummary]: Deprecated functionality
Summary of encountered deprecations:
- ModelParamUsageDeprecation: 1 occurrence
- MissingArgumentsPropertyInGenericTestDeprecation: 2 occurrences
To see all deprecation instances instead of just the first occurrence of each,
run command again with the `--show-all-deprecations` flag. You may also need to
run with `--no-partial-parse` as some deprecations are only encountered during
parsing.
[2026-09-04T12:20:24.177+0000] {local.py:196} WARNING - Artifact schema version: https://schemas.getdbt.com/dbt/manifest/v12.json is above dbt-ol supported version 7. This might cause errors.
[2026-09-04T12:20:24.178+0000] {local.py:196} WARNING - Artifact schema version: https://schemas.getdbt.com/dbt/run-results/v6.json is above dbt-ol supported version 5. This might cause errors.
[2026-09-04T12:20:24.209+0000] {taskinstance.py:441} INFO - ::group::Post task execution logs
[2026-09-04T12:20:24.221+0000] {taskinstance.py:2905} ERROR - Task failed with exception
Traceback (most recent call last):
  File "/home/airflow/.local/lib/python3.11/site-packages/airflow/models/taskinstance.py", line 465, in _execute_task
    result = _execute_callable(context=context, **execute_callable_kwargs)
             ^^^^^^^^^^^^^^^^^^^^^^^^^^^^^^^^^^^^^^^^^^^^^^^^^^^^^^^^^^^^^
  File "/home/airflow/.local/lib/python3.11/site-packages/airflow/models/taskinstance.py", line 432, in _execute_callable
    return execute_callable(context=context, **execute_callable_kwargs)
           ^^^^^^^^^^^^^^^^^^^^^^^^^^^^^^^^^^^^^^^^^^^^^^^^^^^^^^^^^^^^
  File "/home/airflow/.local/lib/python3.11/site-packages/airflow/models/baseoperator.py", line 401, in wrapper
    return func(self, *args, **kwargs)
           ^^^^^^^^^^^^^^^^^^^^^^^^^^^
  File "/home/airflow/.local/lib/python3.11/site-packages/cosmos/operators/base.py", line 268, in execute
    self.build_and_run_cmd(context=context, cmd_flags=self.add_cmd_flags())
  File "/home/airflow/.local/lib/python3.11/site-packages/cosmos/operators/local.py", line 654, in build_and_run_cmd
    result = self.run_command(cmd=dbt_cmd, env=env, context=context)
             ^^^^^^^^^^^^^^^^^^^^^^^^^^^^^^^^^^^^^^^^^^^^^^^^^^^^^^^
  File "/home/airflow/.local/lib/python3.11/site-packages/cosmos/operators/local.py", line 509, in run_command
    self.handle_exception(result)
  File "/home/airflow/.local/lib/python3.11/site-packages/cosmos/operators/local.py", line 237, in handle_exception_dbt_runner
    raise AirflowException(f"dbt invocation completed with errors: {error_message}")
airflow.exceptions.AirflowException: dbt invocation completed with errors: int_financial_metrics: Database Error in model int_financial_metrics (models/intermediate/int_financial_metrics.sql)
  Unrecognized name: report_type at [26:11]
  compiled code at target/run/transformations/models/intermediate/int_financial_metrics.sql
[2026-09-04T12:20:24.224+0000] {taskinstance.py:1206} INFO - Marking task as FAILED. dag_id=financial_fundamental_pipeline, task_id=dbt_int_financial.int_financial_metrics.run, run_id=scheduled__2026-09-03T06:00:00+00:00, execution_date=20260903T060000, start_date=20260904T122001, end_date=20260904T122024
[2026-09-04T12:20:24.236+0000] {standard_task_runner.py:110} ERROR - Failed to execute job 25 for task dbt_int_financial.int_financial_metrics.run (dbt invocation completed with errors: int_financial_metrics: Database Error in model int_financial_metrics (models/intermediate/int_financial_metrics.sql)
  Unrecognized name: report_type at [26:11]
  compiled code at target/run/transformations/models/intermediate/int_financial_metrics.sql; 614)
[2026-09-04T12:20:24.282+0000] {local_task_job_runner.py:243} INFO - Task exited with return code 1
[2026-09-04T12:20:24.323+0000] {taskinstance.py:3503} INFO - 0 downstream tasks scheduled from follow-on schedule check
[2026-09-04T12:20:24.327+0000] {local_task_job_runner.py:222} INFO - ::endgroup::
