[2026-09-04T12:19:02.263+0000] {local_task_job_runner.py:120} INFO - ::group::Pre task execution logs
[2026-09-04T12:19:02.476+0000] {taskinstance.py:2076} INFO - Dependencies all met for dep_context=non-requeueable deps ti=<TaskInstance: financial_fundamental_pipeline.extract_earnings manual__2026-09-04T12:18:10.300530+00:00 [queued]>
[2026-09-04T12:19:02.537+0000] {taskinstance.py:2076} INFO - Dependencies all met for dep_context=requeueable deps ti=<TaskInstance: financial_fundamental_pipeline.extract_earnings manual__2026-09-04T12:18:10.300530+00:00 [queued]>
[2026-09-04T12:19:02.544+0000] {taskinstance.py:2306} INFO - Starting attempt 1 of 1
[2026-09-04T12:19:02.602+0000] {taskinstance.py:2330} INFO - Executing <Task(PythonOperator): extract_earnings> on 2026-09-04 12:18:10.300530+00:00
[2026-09-04T12:19:02.657+0000] {standard_task_runner.py:64} INFO - Started process 371 to run task
[2026-09-04T12:19:02.763+0000] {standard_task_runner.py:90} INFO - Running: ['***', 'tasks', 'run', 'financial_fundamental_pipeline', 'extract_earnings', 'manual__2026-09-04T12:18:10.300530+00:00', '--job-id', '19', '--raw', '--subdir', 'DAGS_FOLDER/financial_pipeline_dag.py', '--cfg-path', '/tmp/tmpo8tlc7wi']
[2026-09-04T12:19:02.829+0000] {standard_task_runner.py:91} INFO - Job 19: Subtask extract_earnings
[2026-09-04T12:19:04.433+0000] {task_command.py:426} INFO - Running <TaskInstance: financial_fundamental_pipeline.extract_earnings manual__2026-09-04T12:18:10.300530+00:00 [running]> on host bb200bb02a9f
[2026-09-04T12:19:05.138+0000] {taskinstance.py:2648} INFO - Exporting env vars: AIRFLOW_CTX_DAG_OWNER='***' AIRFLOW_CTX_DAG_ID='financial_fundamental_pipeline' AIRFLOW_CTX_TASK_ID='extract_earnings' AIRFLOW_CTX_EXECUTION_DATE='2026-09-04T12:18:10.300530+00:00' AIRFLOW_CTX_TRY_NUMBER='1' AIRFLOW_CTX_DAG_RUN_ID='manual__2026-09-04T12:18:10.300530+00:00'
[2026-09-04T12:19:05.145+0000] {taskinstance.py:430} INFO - ::endgroup::
[2026-09-04T12:19:06.340+0000] {logging_mixin.py:188} INFO - Iniciando extração de earnings para 1 símbolos: ['KO']
[2026-09-04T12:19:06.339+0000] {earning.py:30} INFO - Iniciando extração de earnings para 1 símbolos: ['KO']
[2026-09-04T12:19:08.295+0000] {api_client.py:116} ERROR - [KO/EARNINGS] Limite diário da Alpha Vantage atingido. Interrompendo execução.
[2026-09-04T12:19:08.296+0000] {logging_mixin.py:188} INFO - Erro inesperado ao extrair earnings para KO: Limite diário de requisições atingido ao consultar 'EARNINGS' para 'KO'. Resposta da API: Thank you for using Alpha Vantage! Please consider spreading out your free API requests more sparingly (1 request per second). You may subscribe to any of the premium plans at https://www.alphavantage.co/premium/ to lift the free key rate limit (25 requests per day), raise the per-second burst limit, and instantly unlock all premium endpoints
[2026-09-04T12:19:08.296+0000] {earning.py:186} ERROR - Erro inesperado ao extrair earnings para KO: Limite diário de requisições atingido ao consultar 'EARNINGS' para 'KO'. Resposta da API: Thank you for using Alpha Vantage! Please consider spreading out your free API requests more sparingly (1 request per second). You may subscribe to any of the premium plans at https://www.alphavantage.co/premium/ to lift the free key rate limit (25 requests per day), raise the per-second burst limit, and instantly unlock all premium endpoints
[2026-09-04T12:19:08.733+0000] {loader.py:22} INFO - Upload concluído: extraction.log → gs://hallyson-bronze/financial/metadata/earning/year=2026/month=09/day=04/earning_extraction.log
[2026-09-04T12:19:08.760+0000] {logger.py:83} INFO - Log enviado para financial/metadata/earning/year=2026/month=09/day=04/earning_extraction.log e removido localmente.
[2026-09-04T12:19:08.764+0000] {python.py:237} INFO - Done. Returned value was: []
[2026-09-04T12:19:08.765+0000] {taskinstance.py:441} INFO - ::group::Post task execution logs
[2026-09-04T12:19:08.993+0000] {taskinstance.py:1206} INFO - Marking task as SUCCESS. dag_id=financial_fundamental_pipeline, task_id=extract_earnings, run_id=manual__2026-09-04T12:18:10.300530+00:00, execution_date=20260904T121810, start_date=20260904T121902, end_date=20260904T121908
[2026-09-04T12:19:09.126+0000] {local_task_job_runner.py:243} INFO - Task exited with return code 0
[2026-09-04T12:19:09.294+0000] {taskinstance.py:3503} INFO - 1 downstream tasks scheduled from follow-on schedule check
[2026-09-04T12:19:09.300+0000] {local_task_job_runner.py:222} INFO - ::endgroup::
