[2026-09-04T12:18:30.983+0000] {local_task_job_runner.py:120} INFO - ::group::Pre task execution logs
[2026-09-04T12:18:31.075+0000] {taskinstance.py:2076} INFO - Dependencies all met for dep_context=non-requeueable deps ti=<TaskInstance: financial_fundamental_pipeline.dbt_stg_income.stg_income_statement_run manual__2026-09-04T12:18:10.300530+00:00 [queued]>
[2026-09-04T12:18:31.091+0000] {taskinstance.py:2076} INFO - Dependencies all met for dep_context=requeueable deps ti=<TaskInstance: financial_fundamental_pipeline.dbt_stg_income.stg_income_statement_run manual__2026-09-04T12:18:10.300530+00:00 [queued]>
[2026-09-04T12:18:31.094+0000] {taskinstance.py:2306} INFO - Starting attempt 1 of 1
[2026-09-04T12:18:31.134+0000] {taskinstance.py:2330} INFO - Executing <Task(DbtRunLocalOperator): dbt_stg_income.stg_income_statement_run> on 2026-09-04 12:18:10.300530+00:00
[2026-09-04T12:18:31.156+0000] {standard_task_runner.py:64} INFO - Started process 324 to run task
[2026-09-04T12:18:31.160+0000] {standard_task_runner.py:90} INFO - Running: ['***', 'tasks', 'run', 'financial_fundamental_pipeline', 'dbt_stg_income.stg_income_statement_run', 'manual__2026-09-04T12:18:10.300530+00:00', '--job-id', '12', '--raw', '--subdir', 'DAGS_FOLDER/financial_pipeline_dag.py', '--cfg-path', '/tmp/tmptvkl1pp_']
[2026-09-04T12:18:31.170+0000] {standard_task_runner.py:91} INFO - Job 12: Subtask dbt_stg_income.stg_income_statement_run
[2026-09-04T12:18:31.356+0000] {task_command.py:426} INFO - Running <TaskInstance: financial_fundamental_pipeline.dbt_stg_income.stg_income_statement_run manual__2026-09-04T12:18:10.300530+00:00 [running]> on host bb200bb02a9f
[2026-09-04T12:18:31.592+0000] {taskinstance.py:2648} INFO - Exporting env vars: AIRFLOW_CTX_DAG_OWNER='***' AIRFLOW_CTX_DAG_ID='financial_fundamental_pipeline' AIRFLOW_CTX_TASK_ID='dbt_stg_income.stg_income_statement_run' AIRFLOW_CTX_EXECUTION_DATE='2026-09-04T12:18:10.300530+00:00' AIRFLOW_CTX_TRY_NUMBER='1' AIRFLOW_CTX_DAG_RUN_ID='manual__2026-09-04T12:18:10.300530+00:00'
[2026-09-04T12:18:31.594+0000] {taskinstance.py:430} INFO - ::endgroup::
[2026-09-04T12:18:37.177+0000] {local.py:220} INFO - dbtRunner is available. Using dbtRunner for invoking dbt.
[2026-09-04T12:18:37.180+0000] {local.py:436} INFO - Cloning project to writable temp directory /tmp/tmpq0e3jw8e from /opt/airflow/src/transformations
[2026-09-04T12:18:37.231+0000] {local.py:447} INFO - Partial parse is enabled and the latest partial parse file is /opt/airflow/src/transformations/target/partial_parse.msgpack
[2026-09-04T12:18:38.021+0000] {config.py:344} INFO - Using user-supplied profiles.yml at /opt/***/src/transformations/profiles.yml
[2026-09-04T12:18:38.024+0000] {local.py:408} INFO - Trying to run dbtRunner with:
 ['run', '--models', 'stg_income_statement', '--project-dir', '/tmp/tmpq0e3jw8e', '--profiles-dir', '/opt/***/src/transformations', '--profile', 'transformations', '--target', 'dev']
 in /tmp/tmpq0e3jw8e
[2026-09-04T12:18:38.542+0000] {logging_mixin.py:188} INFO - 12:18:38  Running with dbt=1.10.8
[2026-09-04T12:18:38.546+0000] {logging_mixin.py:188} INFO - 12:18:38  [WARNING]: Deprecated functionality
Usage of `--models`, `--model`, and `-m` is deprecated in favor of `--select` or
`-s`.
[2026-09-04T12:18:49.039+0000] {logging_mixin.py:188} WARNING - /home/***/.local/lib/python3.11/site-packages/google/cloud/aiplatform/models.py:52 FutureWarning: Support for google-cloud-storage < 3.0.0 will be removed in a future version of google-cloud-aiplatform. Please upgrade to google-cloud-storage >= 3.0.0.
[2026-09-04T12:18:50.948+0000] {logging_mixin.py:188} INFO - 12:18:50  Registered adapter: bigquery=1.10.3
[2026-09-04T12:19:18.393+0000] {logging_mixin.py:188} INFO - 12:19:18  No external sources selected
[2026-09-04T12:19:19.620+0000] {logging_mixin.py:188} INFO - 12:19:19  [WARNING][MissingArgumentsPropertyInGenericTestDeprecation]: Deprecated
functionality
Found top-level arguments to test `dbt_utils.unique_combination_of_columns`.
Arguments to generic tests should be nested under the `arguments` property.`
[2026-09-04T12:19:23.408+0000] {logging_mixin.py:188} INFO - 12:19:23  Found 8 models, 6 seeds, 1 operation, 14 data tests, 5 sources, 696 macros
[2026-09-04T12:19:23.430+0000] {logging_mixin.py:188} INFO - 12:19:23
[2026-09-04T12:19:23.443+0000] {logging_mixin.py:188} INFO - 12:19:23  Concurrency: 4 threads (target='dev')
[2026-09-04T12:19:23.445+0000] {logging_mixin.py:188} INFO - 12:19:23
[2026-09-04T12:19:26.275+0000] {logging_mixin.py:188} INFO - 12:19:26  1 of 5 START external source alphavantage.ext_overview
[2026-09-04T12:19:26.315+0000] {logging_mixin.py:188} INFO - 12:19:26  1 of 5 SKIP
[2026-09-04T12:19:28.054+0000] {logging_mixin.py:188} INFO - 12:19:28  2 of 5 START external source alphavantage.ext_balance_sheet
[2026-09-04T12:19:28.079+0000] {logging_mixin.py:188} INFO - 12:19:28  2 of 5 SKIP
[2026-09-04T12:19:28.870+0000] {logging_mixin.py:188} INFO - 12:19:28  3 of 5 START external source alphavantage.ext_cash_flow
[2026-09-04T12:19:28.879+0000] {logging_mixin.py:188} INFO - 12:19:28  3 of 5 SKIP
[2026-09-04T12:19:30.319+0000] {logging_mixin.py:188} INFO - 12:19:30  4 of 5 START external source alphavantage.ext_income_statement
[2026-09-04T12:19:30.324+0000] {logging_mixin.py:188} INFO - 12:19:30  4 of 5 SKIP
[2026-09-04T12:19:31.013+0000] {logging_mixin.py:188} INFO - 12:19:31  5 of 5 START external source alphavantage.ext_earning
[2026-09-04T12:19:31.046+0000] {logging_mixin.py:188} INFO - 12:19:31  5 of 5 SKIP
[2026-09-04T12:19:31.848+0000] {logging_mixin.py:188} INFO - 12:19:31  1 of 1 START hook: transformations.on-run-start.0 .............................. [RUN]
[2026-09-04T12:19:31.860+0000] {logging_mixin.py:188} INFO - 12:19:31  1 of 1 OK hook: transformations.on-run-start.0 ................................. [OK in 5.61s]
[2026-09-04T12:19:31.862+0000] {logging_mixin.py:188} INFO - 12:19:31
[2026-09-04T12:19:31.978+0000] {logging_mixin.py:188} INFO - 12:19:31  1 of 1 START sql view model alphavantage.stg_income_statement .................. [RUN]
[2026-09-04T12:19:39.661+0000] {logging_mixin.py:188} INFO - 12:19:39  1 of 1 OK created sql view model alphavantage.stg_income_statement ............. [CREATE VIEW (0 processed) in 7.68s]
[2026-09-04T12:19:39.726+0000] {logging_mixin.py:188} INFO - 12:19:39
[2026-09-04T12:19:39.727+0000] {logging_mixin.py:188} INFO - 12:19:39  Finished running 1 project hook, 1 view model in 0 hours 0 minutes and 16.27 seconds (16.27s).
[2026-09-04T12:19:39.829+0000] {logging_mixin.py:188} INFO - 12:19:39
[2026-09-04T12:19:39.832+0000] {logging_mixin.py:188} INFO - 12:19:39  Completed successfully
[2026-09-04T12:19:39.840+0000] {logging_mixin.py:188} INFO - 12:19:39
[2026-09-04T12:19:39.842+0000] {logging_mixin.py:188} INFO - 12:19:39  Done. PASS=2 WARN=0 ERROR=0 SKIP=0 NO-OP=0 TOTAL=2
[2026-09-04T12:19:39.845+0000] {logging_mixin.py:188} INFO - 12:19:39  [WARNING][DeprecationsSummary]: Deprecated functionality
Summary of encountered deprecations:
- ModelParamUsageDeprecation: 1 occurrence
- MissingArgumentsPropertyInGenericTestDeprecation: 2 occurrences
To see all deprecation instances instead of just the first occurrence of each,
run command again with the `--show-all-deprecations` flag. You may also need to
run with `--no-partial-parse` as some deprecations are only encountered during
parsing.
[2026-09-04T12:19:40.671+0000] {local.py:196} WARNING - Artifact schema version: https://schemas.getdbt.com/dbt/manifest/v12.json is above dbt-ol supported version 7. This might cause errors.
[2026-09-04T12:19:40.671+0000] {local.py:196} WARNING - Artifact schema version: https://schemas.getdbt.com/dbt/run-results/v6.json is above dbt-ol supported version 5. This might cause errors.
[2026-09-04T12:19:40.721+0000] {taskinstance.py:441} INFO - ::group::Post task execution logs
[2026-09-04T12:19:40.748+0000] {taskinstance.py:1206} INFO - Marking task as SUCCESS. dag_id=financial_fundamental_pipeline, task_id=dbt_stg_income.stg_income_statement_run, run_id=manual__2026-09-04T12:18:10.300530+00:00, execution_date=20260904T121810, start_date=20260904T121831, end_date=20260904T121940
[2026-09-04T12:19:40.889+0000] {local_task_job_runner.py:243} INFO - Task exited with return code 0
[2026-09-04T12:19:41.093+0000] {taskinstance.py:3503} INFO - 0 downstream tasks scheduled from follow-on schedule check
[2026-09-04T12:19:41.097+0000] {local_task_job_runner.py:222} INFO - ::endgroup::
