[2026-09-04T12:18:36.641+0000] {local_task_job_runner.py:120} INFO - ::group::Pre task execution logs
[2026-09-04T12:18:36.723+0000] {taskinstance.py:2076} INFO - Dependencies all met for dep_context=non-requeueable deps ti=<TaskInstance: financial_fundamental_pipeline.extract_cash_flow scheduled__2026-09-03T06:00:00+00:00 [queued]>
[2026-09-04T12:18:36.747+0000] {taskinstance.py:2076} INFO - Dependencies all met for dep_context=requeueable deps ti=<TaskInstance: financial_fundamental_pipeline.extract_cash_flow scheduled__2026-09-03T06:00:00+00:00 [queued]>
[2026-09-04T12:18:36.751+0000] {taskinstance.py:2306} INFO - Starting attempt 1 of 1
[2026-09-04T12:18:36.797+0000] {taskinstance.py:2330} INFO - Executing <Task(PythonOperator): extract_cash_flow> on 2026-09-03 06:00:00+00:00
[2026-09-04T12:18:36.834+0000] {standard_task_runner.py:64} INFO - Started process 332 to run task
[2026-09-04T12:18:36.859+0000] {standard_task_runner.py:90} INFO - Running: ['***', 'tasks', 'run', 'financial_fundamental_pipeline', 'extract_cash_flow', 'scheduled__2026-09-03T06:00:00+00:00', '--job-id', '14', '--raw', '--subdir', 'DAGS_FOLDER/financial_pipeline_dag.py', '--cfg-path', '/tmp/tmp__7p2l4f']
[2026-09-04T12:18:36.905+0000] {standard_task_runner.py:91} INFO - Job 14: Subtask extract_cash_flow
[2026-09-04T12:18:37.524+0000] {task_command.py:426} INFO - Running <TaskInstance: financial_fundamental_pipeline.extract_cash_flow scheduled__2026-09-03T06:00:00+00:00 [running]> on host bb200bb02a9f
[2026-09-04T12:18:38.348+0000] {taskinstance.py:2648} INFO - Exporting env vars: AIRFLOW_CTX_DAG_OWNER='***' AIRFLOW_CTX_DAG_ID='financial_fundamental_pipeline' AIRFLOW_CTX_TASK_ID='extract_cash_flow' AIRFLOW_CTX_EXECUTION_DATE='2026-09-03T06:00:00+00:00' AIRFLOW_CTX_TRY_NUMBER='1' AIRFLOW_CTX_DAG_RUN_ID='scheduled__2026-09-03T06:00:00+00:00'
[2026-09-04T12:18:38.391+0000] {taskinstance.py:430} INFO - ::endgroup::
[2026-09-04T12:18:40.056+0000] {logging_mixin.py:188} INFO - Iniciando extração de cash_flow para 1 símbolos: ['KO']
[2026-09-04T12:18:40.053+0000] {cash_flow.py:30} INFO - Iniciando extração de cash_flow para 1 símbolos: ['KO']
[2026-09-04T12:18:43.883+0000] {logging_mixin.py:188} INFO - Validando dados de cash_flow para KO...
[2026-09-04T12:18:43.883+0000] {cash_flow.py:53} INFO - Validando dados de cash_flow para KO...
[2026-09-04T12:18:43.928+0000] {logging_mixin.py:188} INFO - Validação bem-sucedida para KO.
[2026-09-04T12:18:43.928+0000] {cash_flow.py:91} INFO - Validação bem-sucedida para KO.
[2026-09-04T12:18:43.969+0000] {logging_mixin.py:188} INFO - Arquivo criado: /tmp/cash_flow_KO_2026-09-04.json (0.1143 MB)
[2026-09-04T12:18:43.969+0000] {cash_flow.py:105} INFO - Arquivo criado: /tmp/cash_flow_KO_2026-09-04.json (0.1143 MB)
[2026-09-04T12:18:43.972+0000] {logging_mixin.py:188} INFO - Linhas processadas para KO: 101
[2026-09-04T12:18:43.972+0000] {cash_flow.py:108} INFO - Linhas processadas para KO: 101
[2026-09-04T12:18:44.701+0000] {loader.py:22} INFO - Upload concluído: /tmp/cash_flow_KO_2026-09-04.json → gs://hallyson-bronze/financial/cash_flow/year=2026/month=09/day=04/cash_flow_KO_2026-09-04.json
[2026-09-04T12:18:44.705+0000] {logging_mixin.py:188} INFO - Upload concluído e arquivo local removido: cash_flow_KO_2026-09-04.json
[2026-09-04T12:18:44.705+0000] {cash_flow.py:131} INFO - Upload concluído e arquivo local removido: cash_flow_KO_2026-09-04.json
[2026-09-04T12:18:44.714+0000] {logging_mixin.py:188} INFO - Tempo total para KO: 2.00s
[2026-09-04T12:18:44.714+0000] {cash_flow.py:137} INFO - Tempo total para KO: 2.00s
[2026-09-04T12:18:45.116+0000] {loader.py:39} INFO - Upload de texto concluído → gs://hallyson-bronze/financial/metadata/watermarks/cash_flow_watermark.json
[2026-09-04T12:18:45.119+0000] {watermark.py:79} INFO - Watermark atualizado com sucesso no GCS: financial/metadata/watermarks/cash_flow_watermark.json
[2026-09-04T12:18:45.524+0000] {loader.py:22} INFO - Upload concluído: extraction.log → gs://hallyson-bronze/financial/metadata/cash_flow/year=2026/month=09/day=04/cash_flow_extraction.log
[2026-09-04T12:18:45.626+0000] {logger.py:83} INFO - Log enviado para financial/metadata/cash_flow/year=2026/month=09/day=04/cash_flow_extraction.log e removido localmente.
[2026-09-04T12:18:45.627+0000] {python.py:237} INFO - Done. Returned value was: ['financial/cash_flow/year=2026/month=09/day=04/cash_flow_KO_2026-09-04.json']
[2026-09-04T12:18:45.628+0000] {taskinstance.py:441} INFO - ::group::Post task execution logs
[2026-09-04T12:18:45.837+0000] {taskinstance.py:1206} INFO - Marking task as SUCCESS. dag_id=financial_fundamental_pipeline, task_id=extract_cash_flow, run_id=scheduled__2026-09-03T06:00:00+00:00, execution_date=20260903T060000, start_date=20260904T121836, end_date=20260904T121845
[2026-09-04T12:18:45.968+0000] {local_task_job_runner.py:243} INFO - Task exited with return code 0
[2026-09-04T12:18:46.244+0000] {taskinstance.py:3503} INFO - 2 downstream tasks scheduled from follow-on schedule check
[2026-09-04T12:18:46.251+0000] {local_task_job_runner.py:222} INFO - ::endgroup::
