[2026-09-04T12:19:15.189+0000] {local_task_job_runner.py:120} INFO - ::group::Pre task execution logs
[2026-09-04T12:19:15.272+0000] {taskinstance.py:2076} INFO - Dependencies all met for dep_context=non-requeueable deps ti=<TaskInstance: financial_fundamental_pipeline.dbt_stg_earning.stg_earning_run scheduled__2026-09-03T06:00:00+00:00 [queued]>
[2026-09-04T12:19:15.310+0000] {taskinstance.py:2076} INFO - Dependencies all met for dep_context=requeueable deps ti=<TaskInstance: financial_fundamental_pipeline.dbt_stg_earning.stg_earning_run scheduled__2026-09-03T06:00:00+00:00 [queued]>
[2026-09-04T12:19:15.316+0000] {taskinstance.py:2306} INFO - Starting attempt 1 of 1
[2026-09-04T12:19:15.388+0000] {taskinstance.py:2330} INFO - Executing <Task(DbtRunLocalOperator): dbt_stg_earning.stg_earning_run> on 2026-09-03 06:00:00+00:00
[2026-09-04T12:19:15.425+0000] {standard_task_runner.py:64} INFO - Started process 412 to run task
[2026-09-04T12:19:15.465+0000] {standard_task_runner.py:90} INFO - Running: ['***', 'tasks', 'run', 'financial_fundamental_pipeline', 'dbt_stg_earning.stg_earning_run', 'scheduled__2026-09-03T06:00:00+00:00', '--job-id', '23', '--raw', '--subdir', 'DAGS_FOLDER/financial_pipeline_dag.py', '--cfg-path', '/tmp/tmpmvaf5y2z']
[2026-09-04T12:19:15.478+0000] {standard_task_runner.py:91} INFO - Job 23: Subtask dbt_stg_earning.stg_earning_run
[2026-09-04T12:19:16.197+0000] {task_command.py:426} INFO - Running <TaskInstance: financial_fundamental_pipeline.dbt_stg_earning.stg_earning_run scheduled__2026-09-03T06:00:00+00:00 [running]> on host bb200bb02a9f
[2026-09-04T12:19:17.170+0000] {taskinstance.py:2648} INFO - Exporting env vars: AIRFLOW_CTX_DAG_OWNER='***' AIRFLOW_CTX_DAG_ID='financial_fundamental_pipeline' AIRFLOW_CTX_TASK_ID='dbt_stg_earning.stg_earning_run' AIRFLOW_CTX_EXECUTION_DATE='2026-09-03T06:00:00+00:00' AIRFLOW_CTX_TRY_NUMBER='1' AIRFLOW_CTX_DAG_RUN_ID='scheduled__2026-09-03T06:00:00+00:00'
[2026-09-04T12:19:17.184+0000] {taskinstance.py:430} INFO - ::endgroup::
[2026-09-04T12:19:23.501+0000] {local.py:220} INFO - dbtRunner is available. Using dbtRunner for invoking dbt.
[2026-09-04T12:19:23.503+0000] {local.py:436} INFO - Cloning project to writable temp directory /tmp/tmpa9jz1878 from /opt/airflow/src/transformations
[2026-09-04T12:19:23.509+0000] {local.py:447} INFO - Partial parse is enabled and the latest partial parse file is /opt/airflow/src/transformations/target/partial_parse.msgpack
[2026-09-04T12:19:23.611+0000] {config.py:344} INFO - Using user-supplied profiles.yml at /opt/***/src/transformations/profiles.yml
[2026-09-04T12:19:23.612+0000] {local.py:408} INFO - Trying to run dbtRunner with:
 ['run', '--models', 'stg_earning', '--project-dir', '/tmp/tmpa9jz1878', '--profiles-dir', '/opt/***/src/transformations', '--profile', 'transformations', '--target', 'dev']
 in /tmp/tmpa9jz1878
[2026-09-04T12:19:23.796+0000] {logging_mixin.py:188} INFO - 12:19:23  Running with dbt=1.10.8
[2026-09-04T12:19:23.802+0000] {logging_mixin.py:188} INFO - 12:19:23  [WARNING]: Deprecated functionality
Usage of `--models`, `--model`, and `-m` is deprecated in favor of `--select` or
`-s`.
[2026-09-04T12:19:30.631+0000] {logging_mixin.py:188} WARNING - /home/***/.local/lib/python3.11/site-packages/google/cloud/aiplatform/models.py:52 FutureWarning: Support for google-cloud-storage < 3.0.0 will be removed in a future version of google-cloud-aiplatform. Please upgrade to google-cloud-storage >= 3.0.0.
[2026-09-04T12:19:32.099+0000] {logging_mixin.py:188} INFO - 12:19:32  Registered adapter: bigquery=1.10.3
[2026-09-04T12:19:42.855+0000] {logging_mixin.py:188} INFO - 12:19:42  No external sources selected
[2026-09-04T12:19:43.496+0000] {logging_mixin.py:188} INFO - 12:19:43  [WARNING][MissingArgumentsPropertyInGenericTestDeprecation]: Deprecated
functionality
Found top-level arguments to test `dbt_utils.unique_combination_of_columns`.
Arguments to generic tests should be nested under the `arguments` property.`
[2026-09-04T12:19:45.005+0000] {logging_mixin.py:188} INFO - 12:19:45  Found 8 models, 6 seeds, 1 operation, 14 data tests, 5 sources, 696 macros
[2026-09-04T12:19:45.009+0000] {logging_mixin.py:188} INFO - 12:19:45
[2026-09-04T12:19:45.010+0000] {logging_mixin.py:188} INFO - 12:19:45  Concurrency: 4 threads (target='dev')
[2026-09-04T12:19:45.010+0000] {logging_mixin.py:188} INFO - 12:19:45
[2026-09-04T12:19:47.383+0000] {logging_mixin.py:188} INFO - 12:19:47  1 of 5 START external source alphavantage.ext_overview
[2026-09-04T12:19:47.397+0000] {logging_mixin.py:188} INFO - 12:19:47  1 of 5 SKIP
[2026-09-04T12:19:48.730+0000] {logging_mixin.py:188} INFO - 12:19:48  2 of 5 START external source alphavantage.ext_balance_sheet
[2026-09-04T12:19:48.732+0000] {logging_mixin.py:188} INFO - 12:19:48  2 of 5 SKIP
[2026-09-04T12:19:49.388+0000] {logging_mixin.py:188} INFO - 12:19:49  3 of 5 START external source alphavantage.ext_cash_flow
[2026-09-04T12:19:49.391+0000] {logging_mixin.py:188} INFO - 12:19:49  3 of 5 SKIP
[2026-09-04T12:19:50.088+0000] {logging_mixin.py:188} INFO - 12:19:50  4 of 5 START external source alphavantage.ext_income_statement
[2026-09-04T12:19:50.090+0000] {logging_mixin.py:188} INFO - 12:19:50  4 of 5 SKIP
[2026-09-04T12:19:50.705+0000] {logging_mixin.py:188} INFO - 12:19:50  5 of 5 START external source alphavantage.ext_earning
[2026-09-04T12:19:50.707+0000] {logging_mixin.py:188} INFO - 12:19:50  5 of 5 SKIP
[2026-09-04T12:19:52.267+0000] {logging_mixin.py:188} INFO - 12:19:52  1 of 1 START hook: transformations.on-run-start.0 .............................. [RUN]
[2026-09-04T12:19:52.269+0000] {logging_mixin.py:188} INFO - 12:19:52  1 of 1 OK hook: transformations.on-run-start.0 ................................. [OK in 4.89s]
[2026-09-04T12:19:52.270+0000] {logging_mixin.py:188} INFO - 12:19:52
[2026-09-04T12:19:52.289+0000] {logging_mixin.py:188} INFO - 12:19:52  1 of 1 START sql view model alphavantage.stg_earning ........................... [RUN]
[2026-09-04T12:19:55.620+0000] {logging_mixin.py:188} INFO - 12:19:55  1 of 1 OK created sql view model alphavantage.stg_earning ...................... [CREATE VIEW (0 processed) in 3.31s]
[2026-09-04T12:19:55.695+0000] {logging_mixin.py:188} INFO - 12:19:55
[2026-09-04T12:19:55.696+0000] {logging_mixin.py:188} INFO - 12:19:55  Finished running 1 project hook, 1 view model in 0 hours 0 minutes and 10.68 seconds (10.68s).
[2026-09-04T12:19:55.792+0000] {logging_mixin.py:188} INFO - 12:19:55
[2026-09-04T12:19:55.794+0000] {logging_mixin.py:188} INFO - 12:19:55  Completed successfully
[2026-09-04T12:19:55.797+0000] {logging_mixin.py:188} INFO - 12:19:55
[2026-09-04T12:19:55.799+0000] {logging_mixin.py:188} INFO - 12:19:55  Done. PASS=2 WARN=0 ERROR=0 SKIP=0 NO-OP=0 TOTAL=2
[2026-09-04T12:19:55.801+0000] {logging_mixin.py:188} INFO - 12:19:55  [WARNING][DeprecationsSummary]: Deprecated functionality
Summary of encountered deprecations:
- ModelParamUsageDeprecation: 1 occurrence
- MissingArgumentsPropertyInGenericTestDeprecation: 2 occurrences
To see all deprecation instances instead of just the first occurrence of each,
run command again with the `--show-all-deprecations` flag. You may also need to
run with `--no-partial-parse` as some deprecations are only encountered during
parsing.
[2026-09-04T12:19:56.534+0000] {local.py:196} WARNING - Artifact schema version: https://schemas.getdbt.com/dbt/manifest/v12.json is above dbt-ol supported version 7. This might cause errors.
[2026-09-04T12:19:56.535+0000] {local.py:196} WARNING - Artifact schema version: https://schemas.getdbt.com/dbt/run-results/v6.json is above dbt-ol supported version 5. This might cause errors.
[2026-09-04T12:19:56.557+0000] {taskinstance.py:441} INFO - ::group::Post task execution logs
[2026-09-04T12:19:56.569+0000] {taskinstance.py:1206} INFO - Marking task as SUCCESS. dag_id=financial_fundamental_pipeline, task_id=dbt_stg_earning.stg_earning_run, run_id=scheduled__2026-09-03T06:00:00+00:00, execution_date=20260903T060000, start_date=20260904T121915, end_date=20260904T121956
[2026-09-04T12:19:56.650+0000] {local_task_job_runner.py:243} INFO - Task exited with return code 0
[2026-09-04T12:19:56.687+0000] {taskinstance.py:3503} INFO - 0 downstream tasks scheduled from follow-on schedule check
[2026-09-04T12:19:56.689+0000] {local_task_job_runner.py:222} INFO - ::endgroup::
