[2026-09-04T12:18:42.111+0000] {local_task_job_runner.py:120} INFO - ::group::Pre task execution logs
[2026-09-04T12:18:42.264+0000] {taskinstance.py:2076} INFO - Dependencies all met for dep_context=non-requeueable deps ti=<TaskInstance: financial_fundamental_pipeline.dbt_stg_balance.stg_balance_sheet_run manual__2026-09-04T12:18:10.300530+00:00 [queued]>
[2026-09-04T12:18:42.301+0000] {taskinstance.py:2076} INFO - Dependencies all met for dep_context=requeueable deps ti=<TaskInstance: financial_fundamental_pipeline.dbt_stg_balance.stg_balance_sheet_run manual__2026-09-04T12:18:10.300530+00:00 [queued]>
[2026-09-04T12:18:42.304+0000] {taskinstance.py:2306} INFO - Starting attempt 1 of 1
[2026-09-04T12:18:42.388+0000] {taskinstance.py:2330} INFO - Executing <Task(DbtRunLocalOperator): dbt_stg_balance.stg_balance_sheet_run> on 2026-09-04 12:18:10.300530+00:00
[2026-09-04T12:18:42.459+0000] {standard_task_runner.py:64} INFO - Started process 336 to run task
[2026-09-04T12:18:42.798+0000] {standard_task_runner.py:90} INFO - Running: ['***', 'tasks', 'run', 'financial_fundamental_pipeline', 'dbt_stg_balance.stg_balance_sheet_run', 'manual__2026-09-04T12:18:10.300530+00:00', '--job-id', '16', '--raw', '--subdir', 'DAGS_FOLDER/financial_pipeline_dag.py', '--cfg-path', '/tmp/tmptfr_2n79']
[2026-09-04T12:18:42.947+0000] {standard_task_runner.py:91} INFO - Job 16: Subtask dbt_stg_balance.stg_balance_sheet_run
[2026-09-04T12:18:43.726+0000] {task_command.py:426} INFO - Running <TaskInstance: financial_fundamental_pipeline.dbt_stg_balance.stg_balance_sheet_run manual__2026-09-04T12:18:10.300530+00:00 [running]> on host bb200bb02a9f
[2026-09-04T12:18:44.139+0000] {taskinstance.py:2648} INFO - Exporting env vars: AIRFLOW_CTX_DAG_OWNER='***' AIRFLOW_CTX_DAG_ID='financial_fundamental_pipeline' AIRFLOW_CTX_TASK_ID='dbt_stg_balance.stg_balance_sheet_run' AIRFLOW_CTX_EXECUTION_DATE='2026-09-04T12:18:10.300530+00:00' AIRFLOW_CTX_TRY_NUMBER='1' AIRFLOW_CTX_DAG_RUN_ID='manual__2026-09-04T12:18:10.300530+00:00'
[2026-09-04T12:18:44.141+0000] {taskinstance.py:430} INFO - ::endgroup::
[2026-09-04T12:18:49.527+0000] {local.py:220} INFO - dbtRunner is available. Using dbtRunner for invoking dbt.
[2026-09-04T12:18:49.529+0000] {local.py:436} INFO - Cloning project to writable temp directory /tmp/tmpeu2ettn_ from /opt/airflow/src/transformations
[2026-09-04T12:18:49.540+0000] {local.py:447} INFO - Partial parse is enabled and the latest partial parse file is /opt/airflow/src/transformations/target/partial_parse.msgpack
[2026-09-04T12:18:49.716+0000] {config.py:344} INFO - Using user-supplied profiles.yml at /opt/***/src/transformations/profiles.yml
[2026-09-04T12:18:49.720+0000] {local.py:408} INFO - Trying to run dbtRunner with:
 ['run', '--models', 'stg_balance_sheet', '--project-dir', '/tmp/tmpeu2ettn_', '--profiles-dir', '/opt/***/src/transformations', '--profile', 'transformations', '--target', 'dev']
 in /tmp/tmpeu2ettn_
[2026-09-04T12:18:49.966+0000] {logging_mixin.py:188} INFO - 12:18:49  Running with dbt=1.10.8
[2026-09-04T12:18:49.968+0000] {logging_mixin.py:188} INFO - 12:18:49  [WARNING]: Deprecated functionality
Usage of `--models`, `--model`, and `-m` is deprecated in favor of `--select` or
`-s`.
[2026-09-04T12:19:05.392+0000] {logging_mixin.py:188} WARNING - /home/***/.local/lib/python3.11/site-packages/google/cloud/aiplatform/models.py:52 FutureWarning: Support for google-cloud-storage < 3.0.0 will be removed in a future version of google-cloud-aiplatform. Please upgrade to google-cloud-storage >= 3.0.0.
[2026-09-04T12:19:07.626+0000] {logging_mixin.py:188} INFO - 12:19:07  Registered adapter: bigquery=1.10.3
[2026-09-04T12:19:29.752+0000] {logging_mixin.py:188} INFO - 12:19:29  No external sources selected
[2026-09-04T12:19:30.688+0000] {logging_mixin.py:188} INFO - 12:19:30  [WARNING][MissingArgumentsPropertyInGenericTestDeprecation]: Deprecated
functionality
Found top-level arguments to test `dbt_utils.unique_combination_of_columns`.
Arguments to generic tests should be nested under the `arguments` property.`
[2026-09-04T12:19:33.392+0000] {logging_mixin.py:188} INFO - 12:19:33  Found 8 models, 6 seeds, 1 operation, 14 data tests, 5 sources, 696 macros
[2026-09-04T12:19:33.408+0000] {logging_mixin.py:188} INFO - 12:19:33
[2026-09-04T12:19:33.413+0000] {logging_mixin.py:188} INFO - 12:19:33  Concurrency: 4 threads (target='dev')
[2026-09-04T12:19:33.416+0000] {logging_mixin.py:188} INFO - 12:19:33
[2026-09-04T12:19:35.970+0000] {logging_mixin.py:188} INFO - 12:19:35  1 of 5 START external source alphavantage.ext_overview
[2026-09-04T12:19:36.006+0000] {logging_mixin.py:188} INFO - 12:19:36  1 of 5 SKIP
[2026-09-04T12:19:37.583+0000] {logging_mixin.py:188} INFO - 12:19:37  2 of 5 START external source alphavantage.ext_balance_sheet
[2026-09-04T12:19:37.586+0000] {logging_mixin.py:188} INFO - 12:19:37  2 of 5 SKIP
[2026-09-04T12:19:38.337+0000] {logging_mixin.py:188} INFO - 12:19:38  3 of 5 START external source alphavantage.ext_cash_flow
[2026-09-04T12:19:38.342+0000] {logging_mixin.py:188} INFO - 12:19:38  3 of 5 SKIP
[2026-09-04T12:19:39.159+0000] {logging_mixin.py:188} INFO - 12:19:39  4 of 5 START external source alphavantage.ext_income_statement
[2026-09-04T12:19:39.162+0000] {logging_mixin.py:188} INFO - 12:19:39  4 of 5 SKIP
[2026-09-04T12:19:39.873+0000] {logging_mixin.py:188} INFO - 12:19:39  5 of 5 START external source alphavantage.ext_earning
[2026-09-04T12:19:39.876+0000] {logging_mixin.py:188} INFO - 12:19:39  5 of 5 SKIP
[2026-09-04T12:19:40.549+0000] {logging_mixin.py:188} INFO - 12:19:40  1 of 1 START hook: transformations.on-run-start.0 .............................. [RUN]
[2026-09-04T12:19:40.551+0000] {logging_mixin.py:188} INFO - 12:19:40  1 of 1 OK hook: transformations.on-run-start.0 ................................. [OK in 4.62s]
[2026-09-04T12:19:40.553+0000] {logging_mixin.py:188} INFO - 12:19:40
[2026-09-04T12:19:40.574+0000] {logging_mixin.py:188} INFO - 12:19:40  1 of 1 START sql view model alphavantage.stg_balance_sheet ..................... [RUN]
[2026-09-04T12:19:53.363+0000] {logging_mixin.py:188} INFO - 12:19:53  1 of 1 OK created sql view model alphavantage.stg_balance_sheet ................ [CREATE VIEW (0 processed) in 12.79s]
[2026-09-04T12:19:53.405+0000] {logging_mixin.py:188} INFO - 12:19:53
[2026-09-04T12:19:53.406+0000] {logging_mixin.py:188} INFO - 12:19:53  Finished running 1 project hook, 1 view model in 0 hours 0 minutes and 19.99 seconds (19.99s).
[2026-09-04T12:19:53.469+0000] {logging_mixin.py:188} INFO - 12:19:53
[2026-09-04T12:19:53.470+0000] {logging_mixin.py:188} INFO - 12:19:53  Completed successfully
[2026-09-04T12:19:53.470+0000] {logging_mixin.py:188} INFO - 12:19:53
[2026-09-04T12:19:53.471+0000] {logging_mixin.py:188} INFO - 12:19:53  Done. PASS=2 WARN=0 ERROR=0 SKIP=0 NO-OP=0 TOTAL=2
[2026-09-04T12:19:53.472+0000] {logging_mixin.py:188} INFO - 12:19:53  [WARNING][DeprecationsSummary]: Deprecated functionality
Summary of encountered deprecations:
- ModelParamUsageDeprecation: 1 occurrence
- MissingArgumentsPropertyInGenericTestDeprecation: 2 occurrences
To see all deprecation instances instead of just the first occurrence of each,
run command again with the `--show-all-deprecations` flag. You may also need to
run with `--no-partial-parse` as some deprecations are only encountered during
parsing.
[2026-09-04T12:19:54.165+0000] {local.py:196} WARNING - Artifact schema version: https://schemas.getdbt.com/dbt/manifest/v12.json is above dbt-ol supported version 7. This might cause errors.
[2026-09-04T12:19:54.166+0000] {local.py:196} WARNING - Artifact schema version: https://schemas.getdbt.com/dbt/run-results/v6.json is above dbt-ol supported version 5. This might cause errors.
[2026-09-04T12:19:54.198+0000] {taskinstance.py:441} INFO - ::group::Post task execution logs
[2026-09-04T12:19:54.210+0000] {taskinstance.py:1206} INFO - Marking task as SUCCESS. dag_id=financial_fundamental_pipeline, task_id=dbt_stg_balance.stg_balance_sheet_run, run_id=manual__2026-09-04T12:18:10.300530+00:00, execution_date=20260904T121810, start_date=20260904T121842, end_date=20260904T121954
[2026-09-04T12:19:54.303+0000] {local_task_job_runner.py:243} INFO - Task exited with return code 0
[2026-09-04T12:19:54.356+0000] {taskinstance.py:3503} INFO - 1 downstream tasks scheduled from follow-on schedule check
[2026-09-04T12:19:54.359+0000] {local_task_job_runner.py:222} INFO - ::endgroup::
