[2026-09-04T12:18:36.863+0000] {local_task_job_runner.py:120} INFO - ::group::Pre task execution logs
[2026-09-04T12:18:36.974+0000] {taskinstance.py:2076} INFO - Dependencies all met for dep_context=non-requeueable deps ti=<TaskInstance: financial_fundamental_pipeline.dbt_stg_balance.stg_balance_sheet_run scheduled__2026-09-03T06:00:00+00:00 [queued]>
[2026-09-04T12:18:36.997+0000] {taskinstance.py:2076} INFO - Dependencies all met for dep_context=requeueable deps ti=<TaskInstance: financial_fundamental_pipeline.dbt_stg_balance.stg_balance_sheet_run scheduled__2026-09-03T06:00:00+00:00 [queued]>
[2026-09-04T12:18:36.999+0000] {taskinstance.py:2306} INFO - Starting attempt 1 of 1
[2026-09-04T12:18:37.036+0000] {taskinstance.py:2330} INFO - Executing <Task(DbtRunLocalOperator): dbt_stg_balance.stg_balance_sheet_run> on 2026-09-03 06:00:00+00:00
[2026-09-04T12:18:37.063+0000] {standard_task_runner.py:64} INFO - Started process 333 to run task
[2026-09-04T12:18:37.110+0000] {standard_task_runner.py:90} INFO - Running: ['***', 'tasks', 'run', 'financial_fundamental_pipeline', 'dbt_stg_balance.stg_balance_sheet_run', 'scheduled__2026-09-03T06:00:00+00:00', '--job-id', '15', '--raw', '--subdir', 'DAGS_FOLDER/financial_pipeline_dag.py', '--cfg-path', '/tmp/tmp5fiauozi']
[2026-09-04T12:18:37.148+0000] {standard_task_runner.py:91} INFO - Job 15: Subtask dbt_stg_balance.stg_balance_sheet_run
[2026-09-04T12:18:37.738+0000] {task_command.py:426} INFO - Running <TaskInstance: financial_fundamental_pipeline.dbt_stg_balance.stg_balance_sheet_run scheduled__2026-09-03T06:00:00+00:00 [running]> on host bb200bb02a9f
[2026-09-04T12:18:38.379+0000] {taskinstance.py:2648} INFO - Exporting env vars: AIRFLOW_CTX_DAG_OWNER='***' AIRFLOW_CTX_DAG_ID='financial_fundamental_pipeline' AIRFLOW_CTX_TASK_ID='dbt_stg_balance.stg_balance_sheet_run' AIRFLOW_CTX_EXECUTION_DATE='2026-09-03T06:00:00+00:00' AIRFLOW_CTX_TRY_NUMBER='1' AIRFLOW_CTX_DAG_RUN_ID='scheduled__2026-09-03T06:00:00+00:00'
[2026-09-04T12:18:38.396+0000] {taskinstance.py:430} INFO - ::endgroup::
[2026-09-04T12:18:47.153+0000] {local.py:220} INFO - dbtRunner is available. Using dbtRunner for invoking dbt.
[2026-09-04T12:18:47.157+0000] {local.py:436} INFO - Cloning project to writable temp directory /tmp/tmpd60cuura from /opt/airflow/src/transformations
[2026-09-04T12:18:47.170+0000] {local.py:447} INFO - Partial parse is enabled and the latest partial parse file is /opt/airflow/src/transformations/target/partial_parse.msgpack
[2026-09-04T12:18:47.329+0000] {config.py:344} INFO - Using user-supplied profiles.yml at /opt/***/src/transformations/profiles.yml
[2026-09-04T12:18:47.332+0000] {local.py:408} INFO - Trying to run dbtRunner with:
 ['run', '--models', 'stg_balance_sheet', '--project-dir', '/tmp/tmpd60cuura', '--profiles-dir', '/opt/***/src/transformations', '--profile', 'transformations', '--target', 'dev']
 in /tmp/tmpd60cuura
[2026-09-04T12:18:47.510+0000] {logging_mixin.py:188} INFO - 12:18:47  Running with dbt=1.10.8
[2026-09-04T12:18:47.513+0000] {logging_mixin.py:188} INFO - 12:18:47  [WARNING]: Deprecated functionality
Usage of `--models`, `--model`, and `-m` is deprecated in favor of `--select` or
`-s`.
[2026-09-04T12:19:00.026+0000] {logging_mixin.py:188} WARNING - /home/***/.local/lib/python3.11/site-packages/google/cloud/aiplatform/models.py:52 FutureWarning: Support for google-cloud-storage < 3.0.0 will be removed in a future version of google-cloud-aiplatform. Please upgrade to google-cloud-storage >= 3.0.0.
[2026-09-04T12:19:02.715+0000] {logging_mixin.py:188} INFO - 12:19:02  Registered adapter: bigquery=1.10.3
[2026-09-04T12:19:26.391+0000] {logging_mixin.py:188} INFO - 12:19:26  No external sources selected
[2026-09-04T12:19:27.210+0000] {logging_mixin.py:188} INFO - 12:19:27  [WARNING][MissingArgumentsPropertyInGenericTestDeprecation]: Deprecated
functionality
Found top-level arguments to test `dbt_utils.unique_combination_of_columns`.
Arguments to generic tests should be nested under the `arguments` property.`
[2026-09-04T12:19:30.533+0000] {logging_mixin.py:188} INFO - 12:19:30  Found 8 models, 6 seeds, 1 operation, 14 data tests, 5 sources, 696 macros
[2026-09-04T12:19:30.547+0000] {logging_mixin.py:188} INFO - 12:19:30
[2026-09-04T12:19:30.548+0000] {logging_mixin.py:188} INFO - 12:19:30  Concurrency: 4 threads (target='dev')
[2026-09-04T12:19:30.550+0000] {logging_mixin.py:188} INFO - 12:19:30
[2026-09-04T12:19:33.354+0000] {logging_mixin.py:188} INFO - 12:19:33  1 of 5 START external source alphavantage.ext_overview
[2026-09-04T12:19:33.389+0000] {logging_mixin.py:188} INFO - 12:19:33  1 of 5 SKIP
[2026-09-04T12:19:34.987+0000] {logging_mixin.py:188} INFO - 12:19:34  2 of 5 START external source alphavantage.ext_balance_sheet
[2026-09-04T12:19:34.990+0000] {logging_mixin.py:188} INFO - 12:19:34  2 of 5 SKIP
[2026-09-04T12:19:35.740+0000] {logging_mixin.py:188} INFO - 12:19:35  3 of 5 START external source alphavantage.ext_cash_flow
[2026-09-04T12:19:35.754+0000] {logging_mixin.py:188} INFO - 12:19:35  3 of 5 SKIP
[2026-09-04T12:19:36.523+0000] {logging_mixin.py:188} INFO - 12:19:36  4 of 5 START external source alphavantage.ext_income_statement
[2026-09-04T12:19:36.525+0000] {logging_mixin.py:188} INFO - 12:19:36  4 of 5 SKIP
[2026-09-04T12:19:37.268+0000] {logging_mixin.py:188} INFO - 12:19:37  5 of 5 START external source alphavantage.ext_earning
[2026-09-04T12:19:37.273+0000] {logging_mixin.py:188} INFO - 12:19:37  5 of 5 SKIP
[2026-09-04T12:19:37.937+0000] {logging_mixin.py:188} INFO - 12:19:37  1 of 1 START hook: transformations.on-run-start.0 .............................. [RUN]
[2026-09-04T12:19:37.939+0000] {logging_mixin.py:188} INFO - 12:19:37  1 of 1 OK hook: transformations.on-run-start.0 ................................. [OK in 4.61s]
[2026-09-04T12:19:37.940+0000] {logging_mixin.py:188} INFO - 12:19:37
[2026-09-04T12:19:37.964+0000] {logging_mixin.py:188} INFO - 12:19:37  1 of 1 START sql view model alphavantage.stg_balance_sheet ..................... [RUN]
[2026-09-04T12:19:41.671+0000] {logging_mixin.py:188} INFO - 12:19:41  1 of 1 OK created sql view model alphavantage.stg_balance_sheet ................ [CREATE VIEW (0 processed) in 3.70s]
[2026-09-04T12:19:41.740+0000] {logging_mixin.py:188} INFO - 12:19:41
[2026-09-04T12:19:41.741+0000] {logging_mixin.py:188} INFO - 12:19:41  Finished running 1 project hook, 1 view model in 0 hours 0 minutes and 11.19 seconds (11.19s).
[2026-09-04T12:19:41.924+0000] {logging_mixin.py:188} INFO - 12:19:41
[2026-09-04T12:19:41.925+0000] {logging_mixin.py:188} INFO - 12:19:41  Completed successfully
[2026-09-04T12:19:41.927+0000] {logging_mixin.py:188} INFO - 12:19:41
[2026-09-04T12:19:41.928+0000] {logging_mixin.py:188} INFO - 12:19:41  Done. PASS=2 WARN=0 ERROR=0 SKIP=0 NO-OP=0 TOTAL=2
[2026-09-04T12:19:41.930+0000] {logging_mixin.py:188} INFO - 12:19:41  [WARNING][DeprecationsSummary]: Deprecated functionality
Summary of encountered deprecations:
- ModelParamUsageDeprecation: 1 occurrence
- MissingArgumentsPropertyInGenericTestDeprecation: 2 occurrences
To see all deprecation instances instead of just the first occurrence of each,
run command again with the `--show-all-deprecations` flag. You may also need to
run with `--no-partial-parse` as some deprecations are only encountered during
parsing.
[2026-09-04T12:19:42.751+0000] {local.py:196} WARNING - Artifact schema version: https://schemas.getdbt.com/dbt/manifest/v12.json is above dbt-ol supported version 7. This might cause errors.
[2026-09-04T12:19:42.757+0000] {local.py:196} WARNING - Artifact schema version: https://schemas.getdbt.com/dbt/run-results/v6.json is above dbt-ol supported version 5. This might cause errors.
[2026-09-04T12:19:42.805+0000] {taskinstance.py:441} INFO - ::group::Post task execution logs
[2026-09-04T12:19:42.837+0000] {taskinstance.py:1206} INFO - Marking task as SUCCESS. dag_id=financial_fundamental_pipeline, task_id=dbt_stg_balance.stg_balance_sheet_run, run_id=scheduled__2026-09-03T06:00:00+00:00, execution_date=20260903T060000, start_date=20260904T121836, end_date=20260904T121942
[2026-09-04T12:19:42.956+0000] {local_task_job_runner.py:243} INFO - Task exited with return code 0
[2026-09-04T12:19:43.017+0000] {taskinstance.py:3503} INFO - 0 downstream tasks scheduled from follow-on schedule check
[2026-09-04T12:19:43.022+0000] {local_task_job_runner.py:222} INFO - ::endgroup::
